******************************************************************************
            TI ARM Clang Linker PC v4.0.3                      
******************************************************************************
>> Linked Mon Jun 23 18:49:41 2025

OUTPUT FILE NAME:   <UART.out>
ENTRY POINT SYMBOL: "_c_int00_noargs"  address: 00000311


MEMORY CONFIGURATION

         name            origin    length      used     unused   attr    fill
----------------------  --------  ---------  --------  --------  ----  --------
  FLASH                 00000000   00020000  000003f0  0001fc10  R  X
  SRAM                  20200000   00008000  00000205  00007dfb  RW X
  BCR_CONFIG            41c00000   000000ff  00000000  000000ff  R   
  BSL_CONFIG            41c00100   00000080  00000000  00000080  R   


SEGMENT ALLOCATION MAP

run origin  load origin   length   init length attrs members
----------  ----------- ---------- ----------- ----- -------
00000000    00000000    000003f0   000003f0    r-x
  00000000    00000000    000000c0   000000c0    r-- .intvecs
  000000c0    000000c0    00000308   00000308    r-x .text
  000003c8    000003c8    00000010   00000010    r-- .rodata
  000003d8    000003d8    00000018   00000018    r-- .cinit
20200000    20200000    00000005   00000000    rw-
  20200000    20200000    00000005   00000000    rw- .bss
20207e00    20207e00    00000200   00000000    rw-
  20207e00    20207e00    00000200   00000000    rw- .stack


SECTION ALLOCATION MAP

 output                                  attributes/
section   page    origin      length       input sections
--------  ----  ----------  ----------   ----------------
.intvecs   0    00000000    000000c0     
                  00000000    000000c0     startup_mspm0g350x_ticlang.o (.intvecs)

.text      0    000000c0    00000308     
                  000000c0    00000090     empty.o (.text.UART0_IRQHandler)
                  00000150    00000070     ti_msp_dl_config.o (.text.SYSCFG_DL_UART_0_init)
                  000001c0    00000048     driverlib.a : dl_uart.o (.text.DL_UART_init)
                  00000208    00000040     ti_msp_dl_config.o (.text.SYSCFG_DL_SYSCTL_init)
                  00000248    0000003c     libc.a : autoinit.c.obj (.text:__TI_auto_init_nobinit_nopinit)
                  00000284    00000034     ti_msp_dl_config.o (.text.SYSCFG_DL_initPower)
                  000002b8    00000030     ti_msp_dl_config.o (.text.SYSCFG_DL_SYSTICK_init)
                  000002e8    00000028     ti_msp_dl_config.o (.text.SYSCFG_DL_GPIO_init)
                  00000310    00000028     libc.a : boot_cortex_m.c.obj (.text:_c_int00_noargs)
                  00000338    0000001c     empty.o (.text.main)
                  00000354    00000018     ti_msp_dl_config.o (.text.SYSCFG_DL_init)
                  0000036c    00000016     libc.a : copy_zero_init.c.obj (.text:decompress:ZI:__TI_zero_init_nomemset)
                  00000382    00000002     startup_mspm0g350x_ticlang.o (.text.Default_Handler)
                  00000384    00000014     empty.o (.text.SysTick_Handler)
                  00000398    00000012     driverlib.a : dl_uart.o (.text.DL_UART_setClockConfig)
                  000003aa    0000000a                 : dl_common.o (.text.DL_Common_delayCycles)
                  000003b4    00000006     libc.a : exit.c.obj (.text:abort)
                  000003ba    00000004     libsysbm.a : hostexit.c.obj (.text.HOSTexit)
                  000003be    00000004     startup_mspm0g350x_ticlang.o (.text.Reset_Handler)
                  000003c2    00000004     libc.a : pre_init.c.obj (.text._system_pre_init)
                  000003c6    00000002     --HOLE-- [fill = 0]

.cinit     0    000003d8    00000018     
                  000003d8    00000008     (.cinit..bss.load) [load image, compression = zero_init]
                  000003e0    00000004     (__TI_handler_table)
                  000003e4    00000008     (__TI_cinit_table)
                  000003ec    00000004     --HOLE-- [fill = 0]

.rodata    0    000003c8    00000010     
                  000003c8    0000000a     ti_msp_dl_config.o (.rodata.gUART_0Config)
                  000003d2    00000002     ti_msp_dl_config.o (.rodata.gUART_0ClockConfig)
                  000003d4    00000004     --HOLE-- [fill = 0]

.init_array 
*          0    00000000    00000000     UNINITIALIZED

.binit     0    00000000    00000000     

.bss       0    20200000    00000005     UNINITIALIZED
                  20200000    00000004     (.common:delay_times)
                  20200004    00000001     (.common:ReceiveData)

.stack     0    20207e00    00000200     UNINITIALIZED
                  20207e00    00000004     libc.a : boot_cortex_m.c.obj (.stack)
                  20207e04    000001fc     --HOLE--

__llvm_prf_cnts 
*          0    20200000    00000000     UNINITIALIZED

__llvm_prf_bits 
*          0    20200000    00000000     UNINITIALIZED

MODULE SUMMARY

       Module                         code   ro data   rw data
       ------                         ----   -------   -------
    .\
       ti_msp_dl_config.o             340    12        0      
       startup_mspm0g350x_ticlang.o   6      192       0      
       empty.o                        192    0         5      
    +--+------------------------------+------+---------+---------+
       Total:                         538    204       5      
                                                              
    C:/ti/mspm0_sdk_2_05_00_05/source/ti/driverlib/lib/ticlang/m0p/mspm0g1x0x_g3x0x/driverlib.a
       dl_uart.o                      90     0         0      
       dl_common.o                    10     0         0      
    +--+------------------------------+------+---------+---------+
       Total:                         100    0         0      
                                                              
    C:\ti\ccs2020\ccs\tools\compiler\ti-cgt-armllvm_4.0.3.LTS\lib\armv6m-ti-none-eabi/c/libc.a
       autoinit.c.obj                 60     0         0      
       boot_cortex_m.c.obj            40     0         0      
       copy_zero_init.c.obj           22     0         0      
       exit.c.obj                     6      0         0      
       pre_init.c.obj                 4      0         0      
    +--+------------------------------+------+---------+---------+
       Total:                         132    0         0      
                                                              
    C:\ti\ccs2020\ccs\tools\compiler\ti-cgt-armllvm_4.0.3.LTS\lib\armv6m-ti-none-eabi/c/libsysbm.a
       hostexit.c.obj                 4      0         0      
    +--+------------------------------+------+---------+---------+
       Total:                         4      0         0      
                                                              
       Stack:                         0      0         512    
       Linker Generated:              0      20        0      
    +--+------------------------------+------+---------+---------+
       Grand Total:                   774    224       517    


LINKER GENERATED COPY TABLES

__TI_cinit_table @ 000003e4 records: 1, size/record: 8, table size: 8
	.bss: load addr=000003d8, load size=00000008 bytes, run addr=20200000, run size=00000005 bytes, compression=zero_init


LINKER GENERATED HANDLER TABLE

__TI_handler_table @ 000003e0 records: 1, size/record: 4, table size: 4
	index: 0, handler: __TI_zero_init


GLOBAL SYMBOLS: SORTED ALPHABETICALLY BY Name 

address   name                          
-------   ----                          
00000383  ADC0_IRQHandler               
00000383  ADC1_IRQHandler               
00000383  AES_IRQHandler                
000003ba  C$$EXIT                       
00000383  CANFD0_IRQHandler             
00000383  DAC0_IRQHandler               
000003ab  DL_Common_delayCycles         
000001c1  DL_UART_init                  
00000399  DL_UART_setClockConfig        
00000383  DMA_IRQHandler                
00000383  Default_Handler               
00000383  GROUP0_IRQHandler             
00000383  GROUP1_IRQHandler             
000003bb  HOSTexit                      
00000383  HardFault_Handler             
00000383  I2C0_IRQHandler               
00000383  I2C1_IRQHandler               
00000383  NMI_Handler                   
00000383  PendSV_Handler                
00000383  RTC_IRQHandler                
20200004  ReceiveData                   
000003bf  Reset_Handler                 
00000383  SPI0_IRQHandler               
00000383  SPI1_IRQHandler               
00000383  SVC_Handler                   
000002e9  SYSCFG_DL_GPIO_init           
00000209  SYSCFG_DL_SYSCTL_init         
000002b9  SYSCFG_DL_SYSTICK_init        
00000151  SYSCFG_DL_UART_0_init         
00000355  SYSCFG_DL_init                
00000285  SYSCFG_DL_initPower           
00000385  SysTick_Handler               
00000383  TIMA0_IRQHandler              
00000383  TIMA1_IRQHandler              
00000383  TIMG0_IRQHandler              
00000383  TIMG12_IRQHandler             
00000383  TIMG6_IRQHandler              
00000383  TIMG7_IRQHandler              
00000383  TIMG8_IRQHandler              
000000c1  UART0_IRQHandler              
00000383  UART1_IRQHandler              
00000383  UART2_IRQHandler              
00000383  UART3_IRQHandler              
20208000  __STACK_END                   
00000200  __STACK_SIZE                  
00000000  __TI_ATRegion0_region_sz      
00000000  __TI_ATRegion0_src_addr       
00000000  __TI_ATRegion0_trg_addr       
00000000  __TI_ATRegion1_region_sz      
00000000  __TI_ATRegion1_src_addr       
00000000  __TI_ATRegion1_trg_addr       
00000000  __TI_ATRegion2_region_sz      
00000000  __TI_ATRegion2_src_addr       
00000000  __TI_ATRegion2_trg_addr       
000003e4  __TI_CINIT_Base               
000003ec  __TI_CINIT_Limit              
000003ec  __TI_CINIT_Warm               
000003e0  __TI_Handler_Table_Base       
000003e4  __TI_Handler_Table_Limit      
00000249  __TI_auto_init_nobinit_nopinit
ffffffff  __TI_pprof_out_hndl           
ffffffff  __TI_prof_data_size           
ffffffff  __TI_prof_data_start          
00000000  __TI_static_base__            
0000036d  __TI_zero_init_nomemset       
ffffffff  __binit__                     
UNDEFED   __mpu_init                    
20207e00  __stack                       
20200000  __start___llvm_prf_bits       
20200000  __start___llvm_prf_cnts       
20200000  __stop___llvm_prf_bits        
20200000  __stop___llvm_prf_cnts        
00000311  _c_int00_noargs               
UNDEFED   _system_post_cinit            
000003c3  _system_pre_init              
000003b5  abort                         
ffffffff  binit                         
20200000  delay_times                   
00000000  interruptVectors              
00000339  main                          


GLOBAL SYMBOLS: SORTED BY Symbol Address 

address   name                          
-------   ----                          
00000000  __TI_ATRegion0_region_sz      
00000000  __TI_ATRegion0_src_addr       
00000000  __TI_ATRegion0_trg_addr       
00000000  __TI_ATRegion1_region_sz      
00000000  __TI_ATRegion1_src_addr       
00000000  __TI_ATRegion1_trg_addr       
00000000  __TI_ATRegion2_region_sz      
00000000  __TI_ATRegion2_src_addr       
00000000  __TI_ATRegion2_trg_addr       
00000000  __TI_static_base__            
00000000  interruptVectors              
000000c1  UART0_IRQHandler              
00000151  SYSCFG_DL_UART_0_init         
000001c1  DL_UART_init                  
00000200  __STACK_SIZE                  
00000209  SYSCFG_DL_SYSCTL_init         
00000249  __TI_auto_init_nobinit_nopinit
00000285  SYSCFG_DL_initPower           
000002b9  SYSCFG_DL_SYSTICK_init        
000002e9  SYSCFG_DL_GPIO_init           
00000311  _c_int00_noargs               
00000339  main                          
00000355  SYSCFG_DL_init                
0000036d  __TI_zero_init_nomemset       
00000383  ADC0_IRQHandler               
00000383  ADC1_IRQHandler               
00000383  AES_IRQHandler                
00000383  CANFD0_IRQHandler             
00000383  DAC0_IRQHandler               
00000383  DMA_IRQHandler                
00000383  Default_Handler               
00000383  GROUP0_IRQHandler             
00000383  GROUP1_IRQHandler             
00000383  HardFault_Handler             
00000383  I2C0_IRQHandler               
00000383  I2C1_IRQHandler               
00000383  NMI_Handler                   
00000383  PendSV_Handler                
00000383  RTC_IRQHandler                
00000383  SPI0_IRQHandler               
00000383  SPI1_IRQHandler               
00000383  SVC_Handler                   
00000383  TIMA0_IRQHandler              
00000383  TIMA1_IRQHandler              
00000383  TIMG0_IRQHandler              
00000383  TIMG12_IRQHandler             
00000383  TIMG6_IRQHandler              
00000383  TIMG7_IRQHandler              
00000383  TIMG8_IRQHandler              
00000383  UART1_IRQHandler              
00000383  UART2_IRQHandler              
00000383  UART3_IRQHandler              
00000385  SysTick_Handler               
00000399  DL_UART_setClockConfig        
000003ab  DL_Common_delayCycles         
000003b5  abort                         
000003ba  C$$EXIT                       
000003bb  HOSTexit                      
000003bf  Reset_Handler                 
000003c3  _system_pre_init              
000003e0  __TI_Handler_Table_Base       
000003e4  __TI_CINIT_Base               
000003e4  __TI_Handler_Table_Limit      
000003ec  __TI_CINIT_Limit              
000003ec  __TI_CINIT_Warm               
20200000  __start___llvm_prf_bits       
20200000  __start___llvm_prf_cnts       
20200000  __stop___llvm_prf_bits        
20200000  __stop___llvm_prf_cnts        
20200000  delay_times                   
20200004  ReceiveData                   
20207e00  __stack                       
20208000  __STACK_END                   
ffffffff  __TI_pprof_out_hndl           
ffffffff  __TI_prof_data_size           
ffffffff  __TI_prof_data_start          
ffffffff  __binit__                     
ffffffff  binit                         
UNDEFED   __mpu_init                    
UNDEFED   _system_post_cinit            

[80 symbols]
