******************************************************************************
            TI ARM Clang Linker PC v4.0.3                      
******************************************************************************
>> Linked Tue Jun 24 17:00:52 2025

OUTPUT FILE NAME:   <Line.out>
ENTRY POINT SYMBOL: "_c_int00_noargs"  address: 00000959


MEMORY CONFIGURATION

         name            origin    length      used     unused   attr    fill
----------------------  --------  ---------  --------  --------  ----  --------
  FLASH                 00000000   00020000  00000b70  0001f490  R  X
  SRAM                  20200000   00008000  00000264  00007d9c  RW X
  BCR_CONFIG            41c00000   000000ff  00000000  000000ff  R   
  BSL_CONFIG            41c00100   00000080  00000000  00000080  R   


SEGMENT ALLOCATION MAP

run origin  load origin   length   init length attrs members
----------  ----------- ---------- ----------- ----- -------
00000000    00000000    00000b70   00000b70    r-x
  00000000    00000000    000000c0   000000c0    r-- .intvecs
  000000c0    000000c0    00000a18   00000a18    r-x .text
  00000ad8    00000ad8    00000058   00000058    r-- .rodata
  00000b30    00000b30    00000040   00000040    r-- .cinit
20200000    20200000    00000064   00000000    rw-
  20200000    20200000    00000040   00000000    rw- .bss
  20200040    20200040    00000024   00000000    rw- .data
20207e00    20207e00    00000200   00000000    rw-
  20207e00    20207e00    00000200   00000000    rw- .stack


SECTION ALLOCATION MAP

 output                                  attributes/
section   page    origin      length       input sections
--------  ----  ----------  ----------   ----------------
.intvecs   0    00000000    000000c0     
                  00000000    000000c0     startup_mspm0g350x_ticlang.o (.intvecs)

.text      0    000000c0    00000a18     
                  000000c0    00000284     libc.a : _printfi.c.obj (.text:__TI_printfi_minimal)
                  00000344    00000104     driverlib.a : dl_timer.o (.text.DL_Timer_initFourCCPWMMode)
                  00000448    000000e8     empty.o (.text.main)
                  00000530    0000009a     libc.a : memcpy16.S.obj (.text:memcpy)
                  000005ca    00000002     startup_mspm0g350x_ticlang.o (.text.Default_Handler)
                  000005cc    0000007c     libc.a : copy_decompress_lzss.c.obj (.text:decompress:lzss)
                  00000648    00000068     ti_msp_dl_config.o (.text.SYSCFG_DL_PWM_0_init)
                  000006b0    00000062     libc.a : memset16.S.obj (.text:memset)
                  00000712    00000002     libclang_rt.builtins.a : aeabi_div0.c.obj (.text.__aeabi_idiv0)
                  00000714    00000060     ti_msp_dl_config.o (.text.SYSCFG_DL_UART_0_init)
                  00000774    00000048     driverlib.a : dl_uart.o (.text.DL_UART_init)
                  000007bc    00000040     ti_msp_dl_config.o (.text.SYSCFG_DL_SYSCTL_init)
                  000007fc    00000040     ti_msp_dl_config.o (.text.SYSCFG_DL_initPower)
                  0000083c    00000040     libclang_rt.builtins.a : aeabi_uidivmod.S.obj (.text.__aeabi_uidivmod)
                  0000087c    0000003c     libc.a : autoinit.c.obj (.text:__TI_auto_init_nobinit_nopinit)
                  000008b8    00000038     ti_msp_dl_config.o (.text.SYSCFG_DL_GPIO_init)
                  000008f0    00000038     libc.a : sprintf.c.obj (.text.sprintf)
                  00000928    00000030     ti_msp_dl_config.o (.text.SYSCFG_DL_SYSTICK_init)
                  00000958    00000028     libc.a : boot_cortex_m.c.obj (.text:_c_int00_noargs)
                  00000980    00000022            : memccpy.c.obj (.text.memccpy)
                  000009a2    00000002     --HOLE-- [fill = 0]
                  000009a4    0000001c     driverlib.a : dl_timer.o (.text.DL_Timer_setCaptCompUpdateMethod)
                  000009c0    0000001c                 : dl_timer.o (.text.DL_Timer_setClockConfig)
                  000009dc    0000001c     ti_msp_dl_config.o (.text.SYSCFG_DL_init)
                  000009f8    00000018     driverlib.a : dl_timer.o (.text.DL_Timer_setCaptureCompareOutCtl)
                  00000a10    00000018     libc.a : sprintf.c.obj (.text._outs)
                  00000a28    00000016            : copy_zero_init.c.obj (.text:decompress:ZI:__TI_zero_init_nomemset)
                  00000a3e    00000002     --HOLE-- [fill = 0]
                  00000a40    00000014     empty.o (.text.SysTick_Handler)
                  00000a54    00000012     driverlib.a : dl_uart.o (.text.DL_UART_setClockConfig)
                  00000a66    00000012     libc.a : copy_decompress_none.c.obj (.text:decompress:none)
                  00000a78    00000010     driverlib.a : dl_timer.o (.text.DL_Timer_setCaptureCompareValue)
                  00000a88    0000000e     libclang_rt.builtins.a : aeabi_memset.S.obj (.text.__aeabi_memset)
                  00000a96    0000000e     libc.a : _printfi.c.obj (.text.strlen)
                  00000aa4    0000000a     driverlib.a : dl_common.o (.text.DL_Common_delayCycles)
                  00000aae    0000000a     libc.a : sprintf.c.obj (.text._outc)
                  00000ab8    00000008     libclang_rt.builtins.a : aeabi_memcpy.S.obj (.text.__aeabi_memcpy)
                  00000ac0    00000006     libc.a : exit.c.obj (.text:abort)
                  00000ac6    00000004     libsysbm.a : hostexit.c.obj (.text.HOSTexit)
                  00000aca    00000004     startup_mspm0g350x_ticlang.o (.text.Reset_Handler)
                  00000ace    00000004     libc.a : pre_init.c.obj (.text._system_pre_init)
                  00000ad2    00000006     --HOLE-- [fill = 0]

.cinit     0    00000b30    00000040     
                  00000b30    00000017     (.cinit..data.load) [load image, compression = lzss]
                  00000b47    00000001     --HOLE-- [fill = 0]
                  00000b48    0000000c     (__TI_handler_table)
                  00000b54    00000008     (.cinit..bss.load) [load image, compression = zero_init]
                  00000b5c    00000010     (__TI_cinit_table)
                  00000b6c    00000004     --HOLE-- [fill = 0]

.rodata    0    00000ad8    00000058     
                  00000ad8    0000001d     empty.o (.rodata.str1.254342170260855183.1)
                  00000af5    00000011     libc.a : _printfi.c.obj (.rodata.str1.15363888844622738466.1)
                  00000b06    00000010     empty.o (.rodata.str1.9517790425240694019.1)
                  00000b16    0000000a     ti_msp_dl_config.o (.rodata.gUART_0Config)
                  00000b20    00000008     ti_msp_dl_config.o (.rodata.gPWM_0Config)
                  00000b28    00000003     ti_msp_dl_config.o (.rodata.gPWM_0ClockConfig)
                  00000b2b    00000002     ti_msp_dl_config.o (.rodata.gUART_0ClockConfig)
                  00000b2d    00000003     --HOLE-- [fill = 0]

.init_array 
*          0    00000000    00000000     UNINITIALIZED

.binit     0    00000000    00000000     

.bss       0    20200000    00000040     UNINITIALIZED
                  20200000    00000040     (.common:buf)

.data      0    20200040    00000024     UNINITIALIZED
                  20200040    00000010     empty.o (.data.gpios)
                  20200050    00000010     empty.o (.data.states)
                  20200060    00000004     empty.o (.data.delay_times)

.stack     0    20207e00    00000200     UNINITIALIZED
                  20207e00    00000004     libc.a : boot_cortex_m.c.obj (.stack)
                  20207e04    000001fc     --HOLE--

__llvm_prf_cnts 
*          0    20200000    00000000     UNINITIALIZED

__llvm_prf_bits 
*          0    20200000    00000000     UNINITIALIZED

MODULE SUMMARY

       Module                         code   ro data   rw data
       ------                         ----   -------   -------
    .\
       ti_msp_dl_config.o             460    23        0      
       empty.o                        252    45        100    
       startup_mspm0g350x_ticlang.o   6      192       0      
    +--+------------------------------+------+---------+---------+
       Total:                         718    260       100    
                                                              
    C:/ti/mspm0_sdk_2_05_00_05/source/ti/driverlib/lib/ticlang/m0p/mspm0g1x0x_g3x0x/driverlib.a
       dl_timer.o                     356    0         0      
       dl_uart.o                      90     0         0      
       dl_common.o                    10     0         0      
    +--+------------------------------+------+---------+---------+
       Total:                         456    0         0      
                                                              
    C:\ti\ccs2020\ccs\tools\compiler\ti-cgt-armllvm_4.0.3.LTS\lib\armv6m-ti-none-eabi/c/libc.a
       _printfi.c.obj                 658    17        0      
       memcpy16.S.obj                 154    0         0      
       copy_decompress_lzss.c.obj     124    0         0      
       memset16.S.obj                 98     0         0      
       sprintf.c.obj                  90     0         0      
       autoinit.c.obj                 60     0         0      
       boot_cortex_m.c.obj            40     0         0      
       memccpy.c.obj                  34     0         0      
       copy_zero_init.c.obj           22     0         0      
       copy_decompress_none.c.obj     18     0         0      
       exit.c.obj                     6      0         0      
       pre_init.c.obj                 4      0         0      
    +--+------------------------------+------+---------+---------+
       Total:                         1308   17        0      
                                                              
    C:\ti\ccs2020\ccs\tools\compiler\ti-cgt-armllvm_4.0.3.LTS\lib\armv6m-ti-none-eabi/c/libsysbm.a
       hostexit.c.obj                 4      0         0      
    +--+------------------------------+------+---------+---------+
       Total:                         4      0         0      
                                                              
    C:\ti\ccs2020\ccs\tools\compiler\ti-cgt-armllvm_4.0.3.LTS\lib\armv6m-ti-none-eabi/libclang_rt.builtins.a
       aeabi_uidivmod.S.obj           64     0         0      
       aeabi_memset.S.obj             14     0         0      
       aeabi_memcpy.S.obj             8      0         0      
       aeabi_div0.c.obj               2      0         0      
    +--+------------------------------+------+---------+---------+
       Total:                         88     0         0      
                                                              
       Stack:                         0      0         512    
       Linker Generated:              0      59        0      
    +--+------------------------------+------+---------+---------+
       Grand Total:                   2574   336       612    


LINKER GENERATED COPY TABLES

__TI_cinit_table @ 00000b5c records: 2, size/record: 8, table size: 16
	.data: load addr=00000b30, load size=00000017 bytes, run addr=20200040, run size=00000024 bytes, compression=lzss
	.bss: load addr=00000b54, load size=00000008 bytes, run addr=20200000, run size=00000040 bytes, compression=zero_init


LINKER GENERATED HANDLER TABLE

__TI_handler_table @ 00000b48 records: 3, size/record: 4, table size: 12
	index: 0, handler: __TI_decompress_lzss
	index: 1, handler: __TI_decompress_none
	index: 2, handler: __TI_zero_init


GLOBAL SYMBOLS: SORTED ALPHABETICALLY BY Name 

address   name                            
-------   ----                            
000005cb  ADC0_IRQHandler                 
000005cb  ADC1_IRQHandler                 
000005cb  AES_IRQHandler                  
00000ac6  C$$EXIT                         
000005cb  CANFD0_IRQHandler               
000005cb  DAC0_IRQHandler                 
00000aa5  DL_Common_delayCycles           
00000345  DL_Timer_initFourCCPWMMode      
000009a5  DL_Timer_setCaptCompUpdateMethod
000009f9  DL_Timer_setCaptureCompareOutCtl
00000a79  DL_Timer_setCaptureCompareValue 
000009c1  DL_Timer_setClockConfig         
00000775  DL_UART_init                    
00000a55  DL_UART_setClockConfig          
000005cb  DMA_IRQHandler                  
000005cb  Default_Handler                 
000005cb  GROUP0_IRQHandler               
000005cb  GROUP1_IRQHandler               
00000ac7  HOSTexit                        
000005cb  HardFault_Handler               
000005cb  I2C0_IRQHandler                 
000005cb  I2C1_IRQHandler                 
000005cb  NMI_Handler                     
000005cb  PendSV_Handler                  
000005cb  RTC_IRQHandler                  
00000acb  Reset_Handler                   
000005cb  SPI0_IRQHandler                 
000005cb  SPI1_IRQHandler                 
000005cb  SVC_Handler                     
000008b9  SYSCFG_DL_GPIO_init             
00000649  SYSCFG_DL_PWM_0_init            
000007bd  SYSCFG_DL_SYSCTL_init           
00000929  SYSCFG_DL_SYSTICK_init          
00000715  SYSCFG_DL_UART_0_init           
000009dd  SYSCFG_DL_init                  
000007fd  SYSCFG_DL_initPower             
00000a41  SysTick_Handler                 
000005cb  TIMA0_IRQHandler                
000005cb  TIMA1_IRQHandler                
000005cb  TIMG0_IRQHandler                
000005cb  TIMG12_IRQHandler               
000005cb  TIMG6_IRQHandler                
000005cb  TIMG7_IRQHandler                
000005cb  TIMG8_IRQHandler                
000005cb  UART0_IRQHandler                
000005cb  UART1_IRQHandler                
000005cb  UART2_IRQHandler                
000005cb  UART3_IRQHandler                
20208000  __STACK_END                     
00000200  __STACK_SIZE                    
00000000  __TI_ATRegion0_region_sz        
00000000  __TI_ATRegion0_src_addr         
00000000  __TI_ATRegion0_trg_addr         
00000000  __TI_ATRegion1_region_sz        
00000000  __TI_ATRegion1_src_addr         
00000000  __TI_ATRegion1_trg_addr         
00000000  __TI_ATRegion2_region_sz        
00000000  __TI_ATRegion2_src_addr         
00000000  __TI_ATRegion2_trg_addr         
00000b5c  __TI_CINIT_Base                 
00000b6c  __TI_CINIT_Limit                
00000b6c  __TI_CINIT_Warm                 
00000b48  __TI_Handler_Table_Base         
00000b54  __TI_Handler_Table_Limit        
0000087d  __TI_auto_init_nobinit_nopinit  
000005cd  __TI_decompress_lzss            
00000a67  __TI_decompress_none            
ffffffff  __TI_pprof_out_hndl             
000000c1  __TI_printfi_minimal            
ffffffff  __TI_prof_data_size             
ffffffff  __TI_prof_data_start            
00000000  __TI_static_base__              
00000a29  __TI_zero_init_nomemset         
00000713  __aeabi_idiv0                   
00000ab9  __aeabi_memcpy                  
00000ab9  __aeabi_memcpy4                 
00000ab9  __aeabi_memcpy8                 
00000a89  __aeabi_memset                  
00000a89  __aeabi_memset4                 
00000a89  __aeabi_memset8                 
0000083d  __aeabi_uidiv                   
0000083d  __aeabi_uidivmod                
ffffffff  __binit__                       
UNDEFED   __mpu_init                      
20207e00  __stack                         
20200000  __start___llvm_prf_bits         
20200000  __start___llvm_prf_cnts         
20200000  __stop___llvm_prf_bits          
20200000  __stop___llvm_prf_cnts          
00000959  _c_int00_noargs                 
UNDEFED   _system_post_cinit              
00000acf  _system_pre_init                
00000ac1  abort                           
ffffffff  binit                           
20200000  buf                             
20200060  delay_times                     
20200040  gpios                           
00000000  interruptVectors                
00000449  main                            
00000981  memccpy                         
00000531  memcpy                          
000006b1  memset                          
000008f1  sprintf                         
20200050  states                          


GLOBAL SYMBOLS: SORTED BY Symbol Address 

address   name                            
-------   ----                            
00000000  __TI_ATRegion0_region_sz        
00000000  __TI_ATRegion0_src_addr         
00000000  __TI_ATRegion0_trg_addr         
00000000  __TI_ATRegion1_region_sz        
00000000  __TI_ATRegion1_src_addr         
00000000  __TI_ATRegion1_trg_addr         
00000000  __TI_ATRegion2_region_sz        
00000000  __TI_ATRegion2_src_addr         
00000000  __TI_ATRegion2_trg_addr         
00000000  __TI_static_base__              
00000000  interruptVectors                
000000c1  __TI_printfi_minimal            
00000200  __STACK_SIZE                    
00000345  DL_Timer_initFourCCPWMMode      
00000449  main                            
00000531  memcpy                          
000005cb  ADC0_IRQHandler                 
000005cb  ADC1_IRQHandler                 
000005cb  AES_IRQHandler                  
000005cb  CANFD0_IRQHandler               
000005cb  DAC0_IRQHandler                 
000005cb  DMA_IRQHandler                  
000005cb  Default_Handler                 
000005cb  GROUP0_IRQHandler               
000005cb  GROUP1_IRQHandler               
000005cb  HardFault_Handler               
000005cb  I2C0_IRQHandler                 
000005cb  I2C1_IRQHandler                 
000005cb  NMI_Handler                     
000005cb  PendSV_Handler                  
000005cb  RTC_IRQHandler                  
000005cb  SPI0_IRQHandler                 
000005cb  SPI1_IRQHandler                 
000005cb  SVC_Handler                     
000005cb  TIMA0_IRQHandler                
000005cb  TIMA1_IRQHandler                
000005cb  TIMG0_IRQHandler                
000005cb  TIMG12_IRQHandler               
000005cb  TIMG6_IRQHandler                
000005cb  TIMG7_IRQHandler                
000005cb  TIMG8_IRQHandler                
000005cb  UART0_IRQHandler                
000005cb  UART1_IRQHandler                
000005cb  UART2_IRQHandler                
000005cb  UART3_IRQHandler                
000005cd  __TI_decompress_lzss            
00000649  SYSCFG_DL_PWM_0_init            
000006b1  memset                          
00000713  __aeabi_idiv0                   
00000715  SYSCFG_DL_UART_0_init           
00000775  DL_UART_init                    
000007bd  SYSCFG_DL_SYSCTL_init           
000007fd  SYSCFG_DL_initPower             
0000083d  __aeabi_uidiv                   
0000083d  __aeabi_uidivmod                
0000087d  __TI_auto_init_nobinit_nopinit  
000008b9  SYSCFG_DL_GPIO_init             
000008f1  sprintf                         
00000929  SYSCFG_DL_SYSTICK_init          
00000959  _c_int00_noargs                 
00000981  memccpy                         
000009a5  DL_Timer_setCaptCompUpdateMethod
000009c1  DL_Timer_setClockConfig         
000009dd  SYSCFG_DL_init                  
000009f9  DL_Timer_setCaptureCompareOutCtl
00000a29  __TI_zero_init_nomemset         
00000a41  SysTick_Handler                 
00000a55  DL_UART_setClockConfig          
00000a67  __TI_decompress_none            
00000a79  DL_Timer_setCaptureCompareValue 
00000a89  __aeabi_memset                  
00000a89  __aeabi_memset4                 
00000a89  __aeabi_memset8                 
00000aa5  DL_Common_delayCycles           
00000ab9  __aeabi_memcpy                  
00000ab9  __aeabi_memcpy4                 
00000ab9  __aeabi_memcpy8                 
00000ac1  abort                           
00000ac6  C$$EXIT                         
00000ac7  HOSTexit                        
00000acb  Reset_Handler                   
00000acf  _system_pre_init                
00000b48  __TI_Handler_Table_Base         
00000b54  __TI_Handler_Table_Limit        
00000b5c  __TI_CINIT_Base                 
00000b6c  __TI_CINIT_Limit                
00000b6c  __TI_CINIT_Warm                 
20200000  __start___llvm_prf_bits         
20200000  __start___llvm_prf_cnts         
20200000  __stop___llvm_prf_bits          
20200000  __stop___llvm_prf_cnts          
20200000  buf                             
20200040  gpios                           
20200050  states                          
20200060  delay_times                     
20207e00  __stack                         
20208000  __STACK_END                     
ffffffff  __TI_pprof_out_hndl             
ffffffff  __TI_prof_data_size             
ffffffff  __TI_prof_data_start            
ffffffff  __binit__                       
ffffffff  binit                           
UNDEFED   __mpu_init                      
UNDEFED   _system_post_cinit              

[104 symbols]
