******************************************************************************
            TI ARM Clang Linker PC v4.0.3                      
******************************************************************************
>> Linked Mon Jun 23 15:41:31 2025

OUTPUT FILE NAME:   <PWM.out>
ENTRY POINT SYMBOL: "_c_int00_noargs"  address: 00000851


MEMORY CONFIGURATION

         name            origin    length      used     unused   attr    fill
----------------------  --------  ---------  --------  --------  ----  --------
  FLASH                 00000000   00020000  000009b8  0001f648  R  X
  SRAM                  20200000   00008000  00000208  00007df8  RW X
  BCR_CONFIG            41c00000   000000ff  00000000  000000ff  R   
  BSL_CONFIG            41c00100   00000080  00000000  00000080  R   


SEGMENT ALLOCATION MAP

run origin  load origin   length   init length attrs members
----------  ----------- ---------- ----------- ----- -------
00000000    00000000    000009b8   000009b8    r-x
  00000000    00000000    000000c0   000000c0    r-- .intvecs
  000000c0    000000c0    000008b8   000008b8    r-x .text
  00000978    00000978    00000010   00000010    r-- .rodata
  00000988    00000988    00000030   00000030    r-- .cinit
20200000    20200000    00000008   00000000    rw-
  20200000    20200000    00000004   00000000    rw- .bss
  20200004    20200004    00000004   00000000    rw- .data
20207e00    20207e00    00000200   00000000    rw-
  20207e00    20207e00    00000200   00000000    rw- .stack


SECTION ALLOCATION MAP

 output                                  attributes/
section   page    origin      length       input sections
--------  ----  ----------  ----------   ----------------
.intvecs   0    00000000    000000c0     
                  00000000    000000c0     startup_mspm0g350x_ticlang.o (.intvecs)

.text      0    000000c0    000008b8     
                  000000c0    00000104     driverlib.a : dl_timer.o (.text.DL_Timer_initFourCCPWMMode)
                  000001c4    000000d8     libclang_rt.builtins.a : addsf3.S.obj (.text)
                  0000029c    000000b4     empty.o (.text.main)
                  00000350    0000009a     libc.a : memcpy16.S.obj (.text:memcpy)
                  000003ea    00000002     startup_mspm0g350x_ticlang.o (.text.Default_Handler)
                  000003ec    00000094     ti_msp_dl_config.o (.text.SYSCFG_DL_PWM_0_init)
                  00000480    0000008c     libclang_rt.builtins.a : mulsf3.S.obj (.text.__mulsf3)
                  0000050c    0000007c     libc.a : copy_decompress_lzss.c.obj (.text:decompress:lzss)
                  00000588    00000062     libclang_rt.builtins.a : aeabi_fcmp.S.obj (.text.__aeabi_fcmp)
                  000005ea    00000002     --HOLE-- [fill = 0]
                  000005ec    00000040     ti_msp_dl_config.o (.text.SYSCFG_DL_SYSCTL_init)
                  0000062c    0000003c     libclang_rt.builtins.a : floatsisf.S.obj (.text.__floatsisf)
                  00000668    0000003c                            : comparesf2.S.obj (.text.__gtsf2)
                  000006a4    0000003c     libc.a : autoinit.c.obj (.text:__TI_auto_init_nobinit_nopinit)
                  000006e0    0000003a     libclang_rt.builtins.a : comparesf2.S.obj (.text.__eqsf2)
                  0000071a    00000002     --HOLE-- [fill = 0]
                  0000071c    0000003a                            : muldsi3.S.obj (.text.__muldsi3)
                  00000756    00000002     --HOLE-- [fill = 0]
                  00000758    00000038                            : fixsfsi.S.obj (.text.__fixsfsi)
                  00000790    00000034     ti_msp_dl_config.o (.text.SYSCFG_DL_initPower)
                  000007c4    00000032     libclang_rt.builtins.a : fixunssfsi.S.obj (.text.__fixunssfsi)
                  000007f6    00000002     --HOLE-- [fill = 0]
                  000007f8    00000030     ti_msp_dl_config.o (.text.SYSCFG_DL_SYSTICK_init)
                  00000828    00000028     libclang_rt.builtins.a : floatunsisf.S.obj (.text.__floatunsisf)
                  00000850    00000028     libc.a : boot_cortex_m.c.obj (.text:_c_int00_noargs)
                  00000878    00000020     ti_msp_dl_config.o (.text.SYSCFG_DL_GPIO_init)
                  00000898    0000001c     driverlib.a : dl_timer.o (.text.DL_Timer_setCaptCompUpdateMethod)
                  000008b4    0000001c                 : dl_timer.o (.text.DL_Timer_setClockConfig)
                  000008d0    00000018                 : dl_timer.o (.text.DL_Timer_setCaptureCompareOutCtl)
                  000008e8    00000018     ti_msp_dl_config.o (.text.SYSCFG_DL_init)
                  00000900    00000016     libc.a : copy_zero_init.c.obj (.text:decompress:ZI:__TI_zero_init_nomemset)
                  00000916    00000002     --HOLE-- [fill = 0]
                  00000918    00000014     empty.o (.text.SysTick_Handler)
                  0000092c    00000012     libc.a : copy_decompress_none.c.obj (.text:decompress:none)
                  0000093e    00000002     --HOLE-- [fill = 0]
                  00000940    00000010     driverlib.a : dl_timer.o (.text.DL_Timer_setCaptureCompareValue)
                  00000950    0000000a                 : dl_common.o (.text.DL_Common_delayCycles)
                  0000095a    00000002     --HOLE-- [fill = 0]
                  0000095c    00000008     libclang_rt.builtins.a : aeabi_memcpy.S.obj (.text.__aeabi_memcpy)
                  00000964    00000006     libc.a : exit.c.obj (.text:abort)
                  0000096a    00000004     libsysbm.a : hostexit.c.obj (.text.HOSTexit)
                  0000096e    00000004     startup_mspm0g350x_ticlang.o (.text.Reset_Handler)
                  00000972    00000004     libc.a : pre_init.c.obj (.text._system_pre_init)
                  00000976    00000002     --HOLE-- [fill = 0]

.cinit     0    00000988    00000030     
                  00000988    0000000c     (__TI_handler_table)
                  00000994    00000008     (.cinit..bss.load) [load image, compression = zero_init]
                  0000099c    00000008     (.cinit..data.load) [load image, compression = lzss]
                  000009a4    00000010     (__TI_cinit_table)
                  000009b4    00000004     --HOLE-- [fill = 0]

.rodata    0    00000978    00000010     
                  00000978    00000008     ti_msp_dl_config.o (.rodata.gPWM_0Config)
                  00000980    00000003     ti_msp_dl_config.o (.rodata.gPWM_0ClockConfig)
                  00000983    00000005     --HOLE-- [fill = 0]

.init_array 
*          0    00000000    00000000     UNINITIALIZED

.binit     0    00000000    00000000     

.bss       0    20200000    00000004     UNINITIALIZED
                  20200000    00000004     (.common:delay_time)

.data      0    20200004    00000004     UNINITIALIZED
                  20200004    00000004     empty.o (.data.period)

.stack     0    20207e00    00000200     UNINITIALIZED
                  20207e00    00000004     libc.a : boot_cortex_m.c.obj (.stack)
                  20207e04    000001fc     --HOLE--

__llvm_prf_cnts 
*          0    20200000    00000000     UNINITIALIZED

__llvm_prf_bits 
*          0    20200000    00000000     UNINITIALIZED

MODULE SUMMARY

       Module                         code   ro data   rw data
       ------                         ----   -------   -------
    .\
       ti_msp_dl_config.o             368    11        0      
       empty.o                        200    0         8      
       startup_mspm0g350x_ticlang.o   6      192       0      
    +--+------------------------------+------+---------+---------+
       Total:                         574    203       8      
                                                              
    C:/ti/mspm0_sdk_2_05_00_05/source/ti/driverlib/lib/ticlang/m0p/mspm0g1x0x_g3x0x/driverlib.a
       dl_timer.o                     356    0         0      
       dl_common.o                    10     0         0      
    +--+------------------------------+------+---------+---------+
       Total:                         366    0         0      
                                                              
    C:\ti\ccs2020\ccs\tools\compiler\ti-cgt-armllvm_4.0.3.LTS\lib\armv6m-ti-none-eabi/c/libc.a
       memcpy16.S.obj                 154    0         0      
       copy_decompress_lzss.c.obj     124    0         0      
       autoinit.c.obj                 60     0         0      
       boot_cortex_m.c.obj            40     0         0      
       copy_zero_init.c.obj           22     0         0      
       copy_decompress_none.c.obj     18     0         0      
       exit.c.obj                     6      0         0      
       pre_init.c.obj                 4      0         0      
    +--+------------------------------+------+---------+---------+
       Total:                         428    0         0      
                                                              
    C:\ti\ccs2020\ccs\tools\compiler\ti-cgt-armllvm_4.0.3.LTS\lib\armv6m-ti-none-eabi/c/libsysbm.a
       hostexit.c.obj                 4      0         0      
    +--+------------------------------+------+---------+---------+
       Total:                         4      0         0      
                                                              
    C:\ti\ccs2020\ccs\tools\compiler\ti-cgt-armllvm_4.0.3.LTS\lib\armv6m-ti-none-eabi/libclang_rt.builtins.a
       addsf3.S.obj                   216    0         0      
       mulsf3.S.obj                   140    0         0      
       comparesf2.S.obj               118    0         0      
       aeabi_fcmp.S.obj               98     0         0      
       floatsisf.S.obj                60     0         0      
       muldsi3.S.obj                  58     0         0      
       fixsfsi.S.obj                  56     0         0      
       fixunssfsi.S.obj               50     0         0      
       floatunsisf.S.obj              40     0         0      
       aeabi_memcpy.S.obj             8      0         0      
    +--+------------------------------+------+---------+---------+
       Total:                         844    0         0      
                                                              
       Stack:                         0      0         512    
       Linker Generated:              0      44        0      
    +--+------------------------------+------+---------+---------+
       Grand Total:                   2216   247       520    


LINKER GENERATED COPY TABLES

__TI_cinit_table @ 000009a4 records: 2, size/record: 8, table size: 16
	.bss: load addr=00000994, load size=00000008 bytes, run addr=20200000, run size=00000004 bytes, compression=zero_init
	.data: load addr=0000099c, load size=00000008 bytes, run addr=20200004, run size=00000004 bytes, compression=lzss


LINKER GENERATED HANDLER TABLE

__TI_handler_table @ 00000988 records: 3, size/record: 4, table size: 12
	index: 0, handler: __TI_decompress_lzss
	index: 1, handler: __TI_decompress_none
	index: 2, handler: __TI_zero_init


GLOBAL SYMBOLS: SORTED ALPHABETICALLY BY Name 

address   name                            
-------   ----                            
000003eb  ADC0_IRQHandler                 
000003eb  ADC1_IRQHandler                 
000003eb  AES_IRQHandler                  
0000096a  C$$EXIT                         
000003eb  CANFD0_IRQHandler               
000003eb  DAC0_IRQHandler                 
00000951  DL_Common_delayCycles           
000000c1  DL_Timer_initFourCCPWMMode      
00000899  DL_Timer_setCaptCompUpdateMethod
000008d1  DL_Timer_setCaptureCompareOutCtl
00000941  DL_Timer_setCaptureCompareValue 
000008b5  DL_Timer_setClockConfig         
000003eb  DMA_IRQHandler                  
000003eb  Default_Handler                 
000003eb  GROUP0_IRQHandler               
000003eb  GROUP1_IRQHandler               
0000096b  HOSTexit                        
000003eb  HardFault_Handler               
000003eb  I2C0_IRQHandler                 
000003eb  I2C1_IRQHandler                 
000003eb  NMI_Handler                     
000003eb  PendSV_Handler                  
000003eb  RTC_IRQHandler                  
0000096f  Reset_Handler                   
000003eb  SPI0_IRQHandler                 
000003eb  SPI1_IRQHandler                 
000003eb  SVC_Handler                     
00000879  SYSCFG_DL_GPIO_init             
000003ed  SYSCFG_DL_PWM_0_init            
000005ed  SYSCFG_DL_SYSCTL_init           
000007f9  SYSCFG_DL_SYSTICK_init          
000008e9  SYSCFG_DL_init                  
00000791  SYSCFG_DL_initPower             
00000919  SysTick_Handler                 
000003eb  TIMA0_IRQHandler                
000003eb  TIMA1_IRQHandler                
000003eb  TIMG0_IRQHandler                
000003eb  TIMG12_IRQHandler               
000003eb  TIMG6_IRQHandler                
000003eb  TIMG7_IRQHandler                
000003eb  TIMG8_IRQHandler                
000003eb  UART0_IRQHandler                
000003eb  UART1_IRQHandler                
000003eb  UART2_IRQHandler                
000003eb  UART3_IRQHandler                
20208000  __STACK_END                     
00000200  __STACK_SIZE                    
00000000  __TI_ATRegion0_region_sz        
00000000  __TI_ATRegion0_src_addr         
00000000  __TI_ATRegion0_trg_addr         
00000000  __TI_ATRegion1_region_sz        
00000000  __TI_ATRegion1_src_addr         
00000000  __TI_ATRegion1_trg_addr         
00000000  __TI_ATRegion2_region_sz        
00000000  __TI_ATRegion2_src_addr         
00000000  __TI_ATRegion2_trg_addr         
000009a4  __TI_CINIT_Base                 
000009b4  __TI_CINIT_Limit                
000009b4  __TI_CINIT_Warm                 
00000988  __TI_Handler_Table_Base         
00000994  __TI_Handler_Table_Limit        
000006a5  __TI_auto_init_nobinit_nopinit  
0000050d  __TI_decompress_lzss            
0000092d  __TI_decompress_none            
ffffffff  __TI_pprof_out_hndl             
ffffffff  __TI_prof_data_size             
ffffffff  __TI_prof_data_start            
00000000  __TI_static_base__              
00000901  __TI_zero_init_nomemset         
000001cf  __addsf3                        
00000759  __aeabi_f2iz                    
000007c5  __aeabi_f2uiz                   
000001cf  __aeabi_fadd                    
00000589  __aeabi_fcmpeq                  
000005c5  __aeabi_fcmpge                  
000005d9  __aeabi_fcmpgt                  
000005b1  __aeabi_fcmple                  
0000059d  __aeabi_fcmplt                  
00000481  __aeabi_fmul                    
000001c5  __aeabi_fsub                    
0000062d  __aeabi_i2f                     
0000095d  __aeabi_memcpy                  
0000095d  __aeabi_memcpy4                 
0000095d  __aeabi_memcpy8                 
00000829  __aeabi_ui2f                    
ffffffff  __binit__                       
000006e1  __cmpsf2                        
000006e1  __eqsf2                         
00000759  __fixsfsi                       
000007c5  __fixunssfsi                    
0000062d  __floatsisf                     
00000829  __floatunsisf                   
00000669  __gesf2                         
00000669  __gtsf2                         
000006e1  __lesf2                         
000006e1  __ltsf2                         
UNDEFED   __mpu_init                      
0000071d  __muldsi3                       
00000481  __mulsf3                        
000006e1  __nesf2                         
20207e00  __stack                         
20200000  __start___llvm_prf_bits         
20200000  __start___llvm_prf_cnts         
20200000  __stop___llvm_prf_bits          
20200000  __stop___llvm_prf_cnts          
000001c5  __subsf3                        
00000851  _c_int00_noargs                 
UNDEFED   _system_post_cinit              
00000973  _system_pre_init                
00000965  abort                           
ffffffff  binit                           
20200000  delay_time                      
00000000  interruptVectors                
0000029d  main                            
00000351  memcpy                          
20200004  period                          


GLOBAL SYMBOLS: SORTED BY Symbol Address 

address   name                            
-------   ----                            
00000000  __TI_ATRegion0_region_sz        
00000000  __TI_ATRegion0_src_addr         
00000000  __TI_ATRegion0_trg_addr         
00000000  __TI_ATRegion1_region_sz        
00000000  __TI_ATRegion1_src_addr         
00000000  __TI_ATRegion1_trg_addr         
00000000  __TI_ATRegion2_region_sz        
00000000  __TI_ATRegion2_src_addr         
00000000  __TI_ATRegion2_trg_addr         
00000000  __TI_static_base__              
00000000  interruptVectors                
000000c1  DL_Timer_initFourCCPWMMode      
000001c5  __aeabi_fsub                    
000001c5  __subsf3                        
000001cf  __addsf3                        
000001cf  __aeabi_fadd                    
00000200  __STACK_SIZE                    
0000029d  main                            
00000351  memcpy                          
000003eb  ADC0_IRQHandler                 
000003eb  ADC1_IRQHandler                 
000003eb  AES_IRQHandler                  
000003eb  CANFD0_IRQHandler               
000003eb  DAC0_IRQHandler                 
000003eb  DMA_IRQHandler                  
000003eb  Default_Handler                 
000003eb  GROUP0_IRQHandler               
000003eb  GROUP1_IRQHandler               
000003eb  HardFault_Handler               
000003eb  I2C0_IRQHandler                 
000003eb  I2C1_IRQHandler                 
000003eb  NMI_Handler                     
000003eb  PendSV_Handler                  
000003eb  RTC_IRQHandler                  
000003eb  SPI0_IRQHandler                 
000003eb  SPI1_IRQHandler                 
000003eb  SVC_Handler                     
000003eb  TIMA0_IRQHandler                
000003eb  TIMA1_IRQHandler                
000003eb  TIMG0_IRQHandler                
000003eb  TIMG12_IRQHandler               
000003eb  TIMG6_IRQHandler                
000003eb  TIMG7_IRQHandler                
000003eb  TIMG8_IRQHandler                
000003eb  UART0_IRQHandler                
000003eb  UART1_IRQHandler                
000003eb  UART2_IRQHandler                
000003eb  UART3_IRQHandler                
000003ed  SYSCFG_DL_PWM_0_init            
00000481  __aeabi_fmul                    
00000481  __mulsf3                        
0000050d  __TI_decompress_lzss            
00000589  __aeabi_fcmpeq                  
0000059d  __aeabi_fcmplt                  
000005b1  __aeabi_fcmple                  
000005c5  __aeabi_fcmpge                  
000005d9  __aeabi_fcmpgt                  
000005ed  SYSCFG_DL_SYSCTL_init           
0000062d  __aeabi_i2f                     
0000062d  __floatsisf                     
00000669  __gesf2                         
00000669  __gtsf2                         
000006a5  __TI_auto_init_nobinit_nopinit  
000006e1  __cmpsf2                        
000006e1  __eqsf2                         
000006e1  __lesf2                         
000006e1  __ltsf2                         
000006e1  __nesf2                         
0000071d  __muldsi3                       
00000759  __aeabi_f2iz                    
00000759  __fixsfsi                       
00000791  SYSCFG_DL_initPower             
000007c5  __aeabi_f2uiz                   
000007c5  __fixunssfsi                    
000007f9  SYSCFG_DL_SYSTICK_init          
00000829  __aeabi_ui2f                    
00000829  __floatunsisf                   
00000851  _c_int00_noargs                 
00000879  SYSCFG_DL_GPIO_init             
00000899  DL_Timer_setCaptCompUpdateMethod
000008b5  DL_Timer_setClockConfig         
000008d1  DL_Timer_setCaptureCompareOutCtl
000008e9  SYSCFG_DL_init                  
00000901  __TI_zero_init_nomemset         
00000919  SysTick_Handler                 
0000092d  __TI_decompress_none            
00000941  DL_Timer_setCaptureCompareValue 
00000951  DL_Common_delayCycles           
0000095d  __aeabi_memcpy                  
0000095d  __aeabi_memcpy4                 
0000095d  __aeabi_memcpy8                 
00000965  abort                           
0000096a  C$$EXIT                         
0000096b  HOSTexit                        
0000096f  Reset_Handler                   
00000973  _system_pre_init                
00000988  __TI_Handler_Table_Base         
00000994  __TI_Handler_Table_Limit        
000009a4  __TI_CINIT_Base                 
000009b4  __TI_CINIT_Limit                
000009b4  __TI_CINIT_Warm                 
20200000  __start___llvm_prf_bits         
20200000  __start___llvm_prf_cnts         
20200000  __stop___llvm_prf_bits          
20200000  __stop___llvm_prf_cnts          
20200000  delay_time                      
20200004  period                          
20207e00  __stack                         
20208000  __STACK_END                     
ffffffff  __TI_pprof_out_hndl             
ffffffff  __TI_prof_data_size             
ffffffff  __TI_prof_data_start            
ffffffff  __binit__                       
ffffffff  binit                           
UNDEFED   __mpu_init                      
UNDEFED   _system_post_cinit              

[116 symbols]
