******************************************************************************
            TI ARM Clang Linker PC v4.0.3                      
******************************************************************************
>> Linked Wed Jun 25 00:33:40 2025

OUTPUT FILE NAME:   <CAR-V1.out>
ENTRY POINT SYMBOL: "_c_int00_noargs"  address: 00001239


MEMORY CONFIGURATION

         name            origin    length      used     unused   attr    fill
----------------------  --------  ---------  --------  --------  ----  --------
  FLASH                 00000000   00020000  00001448  0001ebb8  R  X
  SRAM                  20200000   00008000  00000304  00007cfc  RW X
  BCR_CONFIG            41c00000   000000ff  00000000  000000ff  R   
  BSL_CONFIG            41c00100   00000080  00000000  00000080  R   


SEGMENT ALLOCATION MAP

run origin  load origin   length   init length attrs members
----------  ----------- ---------- ----------- ----- -------
00000000    00000000    00001448   00001448    r-x
  00000000    00000000    000000c0   000000c0    r-- .intvecs
  000000c0    000000c0    00001300   00001300    r-x .text
  000013c0    000013c0    00000058   00000058    r-- .rodata
  00001418    00001418    00000030   00000030    r-- .cinit
20200000    20200000    00000104   00000000    rw-
  20200000    20200000    000000fc   00000000    rw- .bss
  202000fc    202000fc    00000008   00000000    rw- .data
20207e00    20207e00    00000200   00000000    rw-
  20207e00    20207e00    00000200   00000000    rw- .stack


SECTION ALLOCATION MAP

 output                                  attributes/
section   page    origin      length       input sections
--------  ----  ----------  ----------   ----------------
.intvecs   0    00000000    000000c0     
                  00000000    000000c0     startup_mspm0g350x_ticlang.o (.intvecs)

.text      0    000000c0    00001300     
                  000000c0    000005bc     empty.o (.text.main)
                  0000067c    00000284     libc.a : _printfi.c.obj (.text:__TI_printfi_minimal)
                  00000900    00000104     driverlib.a : dl_timer.o (.text.DL_Timer_initFourCCPWMMode)
                  00000a04    000000e0     ti_msp_dl_config.o (.text.SYSCFG_DL_PWM_MOTOR_init)
                  00000ae4    000000d8     libclang_rt.builtins.a : addsf3.S.obj (.text)
                  00000bbc    000000b8     ti_msp_dl_config.o (.text.SYSCFG_DL_GPIO_init)
                  00000c74    0000009a     libc.a : memcpy16.S.obj (.text:memcpy)
                  00000d0e    00000002     startup_mspm0g350x_ticlang.o (.text.Default_Handler)
                  00000d10    0000008c     libclang_rt.builtins.a : mulsf3.S.obj (.text.__mulsf3)
                  00000d9c    0000007c     libc.a : copy_decompress_lzss.c.obj (.text:decompress:lzss)
                  00000e18    0000006c     ti_msp_dl_config.o (.text.SYSCFG_DL_PWM_SERVO_init)
                  00000e84    00000062     libc.a : memset16.S.obj (.text:memset)
                  00000ee6    00000002     libclang_rt.builtins.a : aeabi_div0.c.obj (.text.__aeabi_idiv0)
                  00000ee8    00000060     ti_msp_dl_config.o (.text.SYSCFG_DL_UART_0_init)
                  00000f48    00000054     ti_msp_dl_config.o (.text.SYSCFG_DL_initPower)
                  00000f9c    00000048     driverlib.a : dl_uart.o (.text.DL_UART_init)
                  00000fe4    00000040     ti_msp_dl_config.o (.text.SYSCFG_DL_SYSCTL_init)
                  00001024    00000040     libclang_rt.builtins.a : aeabi_uidivmod.S.obj (.text.__aeabi_uidivmod)
                  00001064    0000003c     libc.a : autoinit.c.obj (.text:__TI_auto_init_nobinit_nopinit)
                  000010a0    0000003a     libclang_rt.builtins.a : muldsi3.S.obj (.text.__muldsi3)
                  000010da    00000002     --HOLE-- [fill = 0]
                  000010dc    00000038                            : fixsfsi.S.obj (.text.__fixsfsi)
                  00001114    00000038     libc.a : sprintf.c.obj (.text.sprintf)
                  0000114c    00000032     libclang_rt.builtins.a : fixunssfsi.S.obj (.text.__fixunssfsi)
                  0000117e    00000002     --HOLE-- [fill = 0]
                  00001180    00000030     ti_msp_dl_config.o (.text.SYSCFG_DL_I2C_SCR_init)
                  000011b0    00000030     ti_msp_dl_config.o (.text.SYSCFG_DL_SYSTICK_init)
                  000011e0    00000030     ti_msp_dl_config.o (.text.SYSCFG_DL_init)
                  00001210    00000028     libclang_rt.builtins.a : floatunsisf.S.obj (.text.__floatunsisf)
                  00001238    00000028     libc.a : boot_cortex_m.c.obj (.text:_c_int00_noargs)
                  00001260    00000026     driverlib.a : dl_i2c.o (.text.DL_I2C_setClockConfig)
                  00001286    00000022     libc.a : memccpy.c.obj (.text.memccpy)
                  000012a8    0000001c     driverlib.a : dl_timer.o (.text.DL_Timer_setCaptCompUpdateMethod)
                  000012c4    0000001c                 : dl_timer.o (.text.DL_Timer_setClockConfig)
                  000012e0    00000018                 : dl_timer.o (.text.DL_Timer_setCaptureCompareOutCtl)
                  000012f8    00000018     libc.a : sprintf.c.obj (.text._outs)
                  00001310    00000016            : copy_zero_init.c.obj (.text:decompress:ZI:__TI_zero_init_nomemset)
                  00001326    00000002     --HOLE-- [fill = 0]
                  00001328    00000014     empty.o (.text.SysTick_Handler)
                  0000133c    00000012     driverlib.a : dl_uart.o (.text.DL_UART_setClockConfig)
                  0000134e    00000012     libc.a : copy_decompress_none.c.obj (.text:decompress:none)
                  00001360    00000010     driverlib.a : dl_timer.o (.text.DL_Timer_setCaptureCompareValue)
                  00001370    0000000e     libclang_rt.builtins.a : aeabi_memset.S.obj (.text.__aeabi_memset)
                  0000137e    0000000e     libc.a : _printfi.c.obj (.text.strlen)
                  0000138c    0000000a     driverlib.a : dl_common.o (.text.DL_Common_delayCycles)
                  00001396    0000000a     libc.a : sprintf.c.obj (.text._outc)
                  000013a0    00000008     libclang_rt.builtins.a : aeabi_memcpy.S.obj (.text.__aeabi_memcpy)
                  000013a8    00000006     libc.a : exit.c.obj (.text:abort)
                  000013ae    00000004     libsysbm.a : hostexit.c.obj (.text.HOSTexit)
                  000013b2    00000004     startup_mspm0g350x_ticlang.o (.text.Reset_Handler)
                  000013b6    00000004     libc.a : pre_init.c.obj (.text._system_pre_init)
                  000013ba    00000006     --HOLE-- [fill = 0]

.cinit     0    00001418    00000030     
                  00001418    0000000c     (__TI_handler_table)
                  00001424    0000000a     (.cinit..data.load) [load image, compression = lzss]
                  0000142e    00000002     --HOLE-- [fill = 0]
                  00001430    00000008     (.cinit..bss.load) [load image, compression = zero_init]
                  00001438    00000010     (__TI_cinit_table)

.rodata    0    000013c0    00000058     
                  000013c0    0000001d     empty.o (.rodata.str1.9517790425240694019.1)
                  000013dd    00000011     libc.a : _printfi.c.obj (.rodata.str1.15363888844622738466.1)
                  000013ee    0000000a     ti_msp_dl_config.o (.rodata.gUART_0Config)
                  000013f8    00000008     ti_msp_dl_config.o (.rodata.gPWM_MOTORConfig)
                  00001400    00000008     ti_msp_dl_config.o (.rodata.gPWM_SERVOConfig)
                  00001408    00000003     ti_msp_dl_config.o (.rodata.gPWM_MOTORClockConfig)
                  0000140b    00000003     ti_msp_dl_config.o (.rodata.gPWM_SERVOClockConfig)
                  0000140e    00000002     ti_msp_dl_config.o (.rodata.gI2C_SCRClockConfig)
                  00001410    00000002     ti_msp_dl_config.o (.rodata.gUART_0ClockConfig)
                  00001412    00000006     --HOLE-- [fill = 0]

.init_array 
*          0    00000000    00000000     UNINITIALIZED

.binit     0    00000000    00000000     

.bss       0    20200000    000000fc     UNINITIALIZED
                  20200000    000000bc     (.common:gPWM_MOTORBackup)
                  202000bc    00000040     (.common:buff)

.data      0    202000fc    00000008     UNINITIALIZED
                  202000fc    00000004     empty.o (.data.delay_times)
                  20200100    00000004     empty.o (.data.period)

.stack     0    20207e00    00000200     UNINITIALIZED
                  20207e00    00000004     libc.a : boot_cortex_m.c.obj (.stack)
                  20207e04    000001fc     --HOLE--

__llvm_prf_cnts 
*          0    20200000    00000000     UNINITIALIZED

__llvm_prf_bits 
*          0    20200000    00000000     UNINITIALIZED

MODULE SUMMARY

       Module                         code   ro data   rw data
       ------                         ----   -------   -------
    .\
       empty.o                        1488   29        72     
       ti_msp_dl_config.o             904    36        188    
       startup_mspm0g350x_ticlang.o   6      192       0      
    +--+------------------------------+------+---------+---------+
       Total:                         2398   257       260    
                                                              
    C:/ti/mspm0_sdk_2_05_00_05/source/ti/driverlib/lib/ticlang/m0p/mspm0g1x0x_g3x0x/driverlib.a
       dl_timer.o                     356    0         0      
       dl_uart.o                      90     0         0      
       dl_i2c.o                       38     0         0      
       dl_common.o                    10     0         0      
    +--+------------------------------+------+---------+---------+
       Total:                         494    0         0      
                                                              
    C:\ti\ccs2020\ccs\tools\compiler\ti-cgt-armllvm_4.0.3.LTS\lib\armv6m-ti-none-eabi/c/libc.a
       _printfi.c.obj                 658    17        0      
       memcpy16.S.obj                 154    0         0      
       copy_decompress_lzss.c.obj     124    0         0      
       memset16.S.obj                 98     0         0      
       sprintf.c.obj                  90     0         0      
       autoinit.c.obj                 60     0         0      
       boot_cortex_m.c.obj            40     0         0      
       memccpy.c.obj                  34     0         0      
       copy_zero_init.c.obj           22     0         0      
       copy_decompress_none.c.obj     18     0         0      
       exit.c.obj                     6      0         0      
       pre_init.c.obj                 4      0         0      
    +--+------------------------------+------+---------+---------+
       Total:                         1308   17        0      
                                                              
    C:\ti\ccs2020\ccs\tools\compiler\ti-cgt-armllvm_4.0.3.LTS\lib\armv6m-ti-none-eabi/c/libsysbm.a
       hostexit.c.obj                 4      0         0      
    +--+------------------------------+------+---------+---------+
       Total:                         4      0         0      
                                                              
    C:\ti\ccs2020\ccs\tools\compiler\ti-cgt-armllvm_4.0.3.LTS\lib\armv6m-ti-none-eabi/libclang_rt.builtins.a
       addsf3.S.obj                   216    0         0      
       mulsf3.S.obj                   140    0         0      
       aeabi_uidivmod.S.obj           64     0         0      
       muldsi3.S.obj                  58     0         0      
       fixsfsi.S.obj                  56     0         0      
       fixunssfsi.S.obj               50     0         0      
       floatunsisf.S.obj              40     0         0      
       aeabi_memset.S.obj             14     0         0      
       aeabi_memcpy.S.obj             8      0         0      
       aeabi_div0.c.obj               2      0         0      
    +--+------------------------------+------+---------+---------+
       Total:                         648    0         0      
                                                              
       Stack:                         0      0         512    
       Linker Generated:              0      46        0      
    +--+------------------------------+------+---------+---------+
       Grand Total:                   4852   320       772    


LINKER GENERATED COPY TABLES

__TI_cinit_table @ 00001438 records: 2, size/record: 8, table size: 16
	.data: load addr=00001424, load size=0000000a bytes, run addr=202000fc, run size=00000008 bytes, compression=lzss
	.bss: load addr=00001430, load size=00000008 bytes, run addr=20200000, run size=000000fc bytes, compression=zero_init


LINKER GENERATED HANDLER TABLE

__TI_handler_table @ 00001418 records: 3, size/record: 4, table size: 12
	index: 0, handler: __TI_decompress_lzss
	index: 1, handler: __TI_decompress_none
	index: 2, handler: __TI_zero_init


GLOBAL SYMBOLS: SORTED ALPHABETICALLY BY Name 

address   name                            
-------   ----                            
00000d0f  ADC0_IRQHandler                 
00000d0f  ADC1_IRQHandler                 
00000d0f  AES_IRQHandler                  
000013ae  C$$EXIT                         
00000d0f  CANFD0_IRQHandler               
00000d0f  DAC0_IRQHandler                 
0000138d  DL_Common_delayCycles           
00001261  DL_I2C_setClockConfig           
00000901  DL_Timer_initFourCCPWMMode      
000012a9  DL_Timer_setCaptCompUpdateMethod
000012e1  DL_Timer_setCaptureCompareOutCtl
00001361  DL_Timer_setCaptureCompareValue 
000012c5  DL_Timer_setClockConfig         
00000f9d  DL_UART_init                    
0000133d  DL_UART_setClockConfig          
00000d0f  DMA_IRQHandler                  
00000d0f  Default_Handler                 
00000d0f  GROUP0_IRQHandler               
00000d0f  GROUP1_IRQHandler               
000013af  HOSTexit                        
00000d0f  HardFault_Handler               
00000d0f  I2C0_IRQHandler                 
00000d0f  I2C1_IRQHandler                 
00000d0f  NMI_Handler                     
00000d0f  PendSV_Handler                  
00000d0f  RTC_IRQHandler                  
000013b3  Reset_Handler                   
00000d0f  SPI0_IRQHandler                 
00000d0f  SPI1_IRQHandler                 
00000d0f  SVC_Handler                     
00000bbd  SYSCFG_DL_GPIO_init             
00001181  SYSCFG_DL_I2C_SCR_init          
00000a05  SYSCFG_DL_PWM_MOTOR_init        
00000e19  SYSCFG_DL_PWM_SERVO_init        
00000fe5  SYSCFG_DL_SYSCTL_init           
000011b1  SYSCFG_DL_SYSTICK_init          
00000ee9  SYSCFG_DL_UART_0_init           
000011e1  SYSCFG_DL_init                  
00000f49  SYSCFG_DL_initPower             
00001329  SysTick_Handler                 
00000d0f  TIMA0_IRQHandler                
00000d0f  TIMA1_IRQHandler                
00000d0f  TIMG0_IRQHandler                
00000d0f  TIMG12_IRQHandler               
00000d0f  TIMG6_IRQHandler                
00000d0f  TIMG7_IRQHandler                
00000d0f  TIMG8_IRQHandler                
00000d0f  UART0_IRQHandler                
00000d0f  UART1_IRQHandler                
00000d0f  UART2_IRQHandler                
00000d0f  UART3_IRQHandler                
20208000  __STACK_END                     
00000200  __STACK_SIZE                    
00000000  __TI_ATRegion0_region_sz        
00000000  __TI_ATRegion0_src_addr         
00000000  __TI_ATRegion0_trg_addr         
00000000  __TI_ATRegion1_region_sz        
00000000  __TI_ATRegion1_src_addr         
00000000  __TI_ATRegion1_trg_addr         
00000000  __TI_ATRegion2_region_sz        
00000000  __TI_ATRegion2_src_addr         
00000000  __TI_ATRegion2_trg_addr         
00001438  __TI_CINIT_Base                 
00001448  __TI_CINIT_Limit                
00001448  __TI_CINIT_Warm                 
00001418  __TI_Handler_Table_Base         
00001424  __TI_Handler_Table_Limit        
00001065  __TI_auto_init_nobinit_nopinit  
00000d9d  __TI_decompress_lzss            
0000134f  __TI_decompress_none            
ffffffff  __TI_pprof_out_hndl             
0000067d  __TI_printfi_minimal            
ffffffff  __TI_prof_data_size             
ffffffff  __TI_prof_data_start            
00000000  __TI_static_base__              
00001311  __TI_zero_init_nomemset         
00000aef  __addsf3                        
000010dd  __aeabi_f2iz                    
0000114d  __aeabi_f2uiz                   
00000aef  __aeabi_fadd                    
00000d11  __aeabi_fmul                    
00000ae5  __aeabi_fsub                    
00000ee7  __aeabi_idiv0                   
000013a1  __aeabi_memcpy                  
000013a1  __aeabi_memcpy4                 
000013a1  __aeabi_memcpy8                 
00001371  __aeabi_memset                  
00001371  __aeabi_memset4                 
00001371  __aeabi_memset8                 
00001211  __aeabi_ui2f                    
00001025  __aeabi_uidiv                   
00001025  __aeabi_uidivmod                
ffffffff  __binit__                       
000010dd  __fixsfsi                       
0000114d  __fixunssfsi                    
00001211  __floatunsisf                   
UNDEFED   __mpu_init                      
000010a1  __muldsi3                       
00000d11  __mulsf3                        
20207e00  __stack                         
20200000  __start___llvm_prf_bits         
20200000  __start___llvm_prf_cnts         
20200000  __stop___llvm_prf_bits          
20200000  __stop___llvm_prf_cnts          
00000ae5  __subsf3                        
00001239  _c_int00_noargs                 
UNDEFED   _system_post_cinit              
000013b7  _system_pre_init                
000013a9  abort                           
ffffffff  binit                           
202000bc  buff                            
202000fc  delay_times                     
20200000  gPWM_MOTORBackup                
00000000  interruptVectors                
000000c1  main                            
00001287  memccpy                         
00000c75  memcpy                          
00000e85  memset                          
20200100  period                          
00001115  sprintf                         


GLOBAL SYMBOLS: SORTED BY Symbol Address 

address   name                            
-------   ----                            
00000000  __TI_ATRegion0_region_sz        
00000000  __TI_ATRegion0_src_addr         
00000000  __TI_ATRegion0_trg_addr         
00000000  __TI_ATRegion1_region_sz        
00000000  __TI_ATRegion1_src_addr         
00000000  __TI_ATRegion1_trg_addr         
00000000  __TI_ATRegion2_region_sz        
00000000  __TI_ATRegion2_src_addr         
00000000  __TI_ATRegion2_trg_addr         
00000000  __TI_static_base__              
00000000  interruptVectors                
000000c1  main                            
00000200  __STACK_SIZE                    
0000067d  __TI_printfi_minimal            
00000901  DL_Timer_initFourCCPWMMode      
00000a05  SYSCFG_DL_PWM_MOTOR_init        
00000ae5  __aeabi_fsub                    
00000ae5  __subsf3                        
00000aef  __addsf3                        
00000aef  __aeabi_fadd                    
00000bbd  SYSCFG_DL_GPIO_init             
00000c75  memcpy                          
00000d0f  ADC0_IRQHandler                 
00000d0f  ADC1_IRQHandler                 
00000d0f  AES_IRQHandler                  
00000d0f  CANFD0_IRQHandler               
00000d0f  DAC0_IRQHandler                 
00000d0f  DMA_IRQHandler                  
00000d0f  Default_Handler                 
00000d0f  GROUP0_IRQHandler               
00000d0f  GROUP1_IRQHandler               
00000d0f  HardFault_Handler               
00000d0f  I2C0_IRQHandler                 
00000d0f  I2C1_IRQHandler                 
00000d0f  NMI_Handler                     
00000d0f  PendSV_Handler                  
00000d0f  RTC_IRQHandler                  
00000d0f  SPI0_IRQHandler                 
00000d0f  SPI1_IRQHandler                 
00000d0f  SVC_Handler                     
00000d0f  TIMA0_IRQHandler                
00000d0f  TIMA1_IRQHandler                
00000d0f  TIMG0_IRQHandler                
00000d0f  TIMG12_IRQHandler               
00000d0f  TIMG6_IRQHandler                
00000d0f  TIMG7_IRQHandler                
00000d0f  TIMG8_IRQHandler                
00000d0f  UART0_IRQHandler                
00000d0f  UART1_IRQHandler                
00000d0f  UART2_IRQHandler                
00000d0f  UART3_IRQHandler                
00000d11  __aeabi_fmul                    
00000d11  __mulsf3                        
00000d9d  __TI_decompress_lzss            
00000e19  SYSCFG_DL_PWM_SERVO_init        
00000e85  memset                          
00000ee7  __aeabi_idiv0                   
00000ee9  SYSCFG_DL_UART_0_init           
00000f49  SYSCFG_DL_initPower             
00000f9d  DL_UART_init                    
00000fe5  SYSCFG_DL_SYSCTL_init           
00001025  __aeabi_uidiv                   
00001025  __aeabi_uidivmod                
00001065  __TI_auto_init_nobinit_nopinit  
000010a1  __muldsi3                       
000010dd  __aeabi_f2iz                    
000010dd  __fixsfsi                       
00001115  sprintf                         
0000114d  __aeabi_f2uiz                   
0000114d  __fixunssfsi                    
00001181  SYSCFG_DL_I2C_SCR_init          
000011b1  SYSCFG_DL_SYSTICK_init          
000011e1  SYSCFG_DL_init                  
00001211  __aeabi_ui2f                    
00001211  __floatunsisf                   
00001239  _c_int00_noargs                 
00001261  DL_I2C_setClockConfig           
00001287  memccpy                         
000012a9  DL_Timer_setCaptCompUpdateMethod
000012c5  DL_Timer_setClockConfig         
000012e1  DL_Timer_setCaptureCompareOutCtl
00001311  __TI_zero_init_nomemset         
00001329  SysTick_Handler                 
0000133d  DL_UART_setClockConfig          
0000134f  __TI_decompress_none            
00001361  DL_Timer_setCaptureCompareValue 
00001371  __aeabi_memset                  
00001371  __aeabi_memset4                 
00001371  __aeabi_memset8                 
0000138d  DL_Common_delayCycles           
000013a1  __aeabi_memcpy                  
000013a1  __aeabi_memcpy4                 
000013a1  __aeabi_memcpy8                 
000013a9  abort                           
000013ae  C$$EXIT                         
000013af  HOSTexit                        
000013b3  Reset_Handler                   
000013b7  _system_pre_init                
00001418  __TI_Handler_Table_Base         
00001424  __TI_Handler_Table_Limit        
00001438  __TI_CINIT_Base                 
00001448  __TI_CINIT_Limit                
00001448  __TI_CINIT_Warm                 
20200000  __start___llvm_prf_bits         
20200000  __start___llvm_prf_cnts         
20200000  __stop___llvm_prf_bits          
20200000  __stop___llvm_prf_cnts          
20200000  gPWM_MOTORBackup                
202000bc  buff                            
202000fc  delay_times                     
20200100  period                          
20207e00  __stack                         
20208000  __STACK_END                     
ffffffff  __TI_pprof_out_hndl             
ffffffff  __TI_prof_data_size             
ffffffff  __TI_prof_data_start            
ffffffff  __binit__                       
ffffffff  binit                           
UNDEFED   __mpu_init                      
UNDEFED   _system_post_cinit              

[120 symbols]
