******************************************************************************
            TI ARM Clang Linker PC v4.0.3                      
******************************************************************************
>> Linked Tue Jul  8 00:05:13 2025

OUTPUT FILE NAME:   <CAR-V1.out>
ENTRY POINT SYMBOL: "_c_int00_noargs"  address: 00002701


MEMORY CONFIGURATION

         name            origin    length      used     unused   attr    fill
----------------------  --------  ---------  --------  --------  ----  --------
  FLASH                 00000000   00020000  00002998  0001d668  R  X
  SRAM                  20200000   00008000  000011b0  00006e50  RW X
  BCR_CONFIG            41c00000   000000ff  00000000  000000ff  R   
  BSL_CONFIG            41c00100   00000080  00000000  00000080  R   


SEGMENT ALLOCATION MAP

run origin  load origin   length   init length attrs members
----------  ----------- ---------- ----------- ----- -------
00000000    00000000    00002998   00002998    r-x
  00000000    00000000    000000c0   000000c0    r-- .intvecs
  000000c0    000000c0    000027d0   000027d0    r-x .text
  00002890    00002890    000000c8   000000c8    r-- .rodata
  00002958    00002958    00000040   00000040    r-- .cinit
20200000    20200000    00000fb0   00000000    rw-
  20200000    20200000    00000f78   00000000    rw- .bss
  20200f78    20200f78    00000038   00000000    rw- .data
20207e00    20207e00    00000200   00000000    rw-
  20207e00    20207e00    00000200   00000000    rw- .stack


SECTION ALLOCATION MAP

 output                                  attributes/
section   page    origin      length       input sections
--------  ----  ----------  ----------   ----------------
.intvecs   0    00000000    000000c0     
                  00000000    000000c0     startup_mspm0g350x_ticlang.o (.intvecs)

.text      0    000000c0    000027d0     
                  000000c0    000007ac     empty.o (.text.main)
                  0000086c    0000037c     motor.o (.text.TIMA1_IRQHandler)
                  00000be8    00000284     libc.a : _printfi.c.obj (.text:__TI_printfi_minimal)
                  00000e6c    00000212     empty.o (.text.pid_calc)
                  0000107e    00000002     startup_mspm0g350x_ticlang.o (.text.Default_Handler)
                  00001080    00000192     libclang_rt.builtins.a : adddf3.S.obj (.text.adddf3_subdf3)
                  00001212    00000002                            : aeabi_div0.c.obj (.text.__aeabi_idiv0)
                  00001214    0000011c     driverlib.a : dl_timer.o (.text.DL_Timer_initCaptureMode)
                  00001330    0000010c     libclang_rt.builtins.a : divdf3.S.obj (.text.__divdf3)
                  0000143c    00000104     driverlib.a : dl_timer.o (.text.DL_Timer_initFourCCPWMMode)
                  00001540    000000ec     empty.o (.text.Motor_Set_Duty)
                  0000162c    000000e8     driverlib.a : dl_timer.o (.text.DL_Timer_initTimerMode)
                  00001714    000000e4     ti_msp_dl_config.o (.text.SYSCFG_DL_GPIO_init)
                  000017f8    000000e4     libclang_rt.builtins.a : muldf3.S.obj (.text.__muldf3)
                  000018dc    000000e0     ti_msp_dl_config.o (.text.SYSCFG_DL_PWM_MOTOR_init)
                  000019bc    000000d8     motor.o (.text.motor_Init)
                  00001a94    000000d8     libclang_rt.builtins.a : addsf3.S.obj (.text)
                  00001b6c    0000009a     libc.a : memcpy16.S.obj (.text:memcpy)
                  00001c06    00000002     --HOLE-- [fill = 0]
                  00001c08    00000094     ti_msp_dl_config.o (.text.SYSCFG_DL_initPower)
                  00001c9c    0000008c     libclang_rt.builtins.a : mulsf3.S.obj (.text.__mulsf3)
                  00001d28    00000082                            : divsf3.S.obj (.text.__divsf3)
                  00001daa    00000002     --HOLE-- [fill = 0]
                  00001dac    0000007c     libc.a : copy_decompress_lzss.c.obj (.text:decompress:lzss)
                  00001e28    00000074     libclang_rt.builtins.a : comparedf2.c.obj (.text.__gedf2)
                  00001e9c    00000004     libsysbm.a : hostexit.c.obj (.text.HOSTexit)
                  00001ea0    00000074     libclang_rt.builtins.a : truncdfsf2.S.obj (.text.__truncdfsf2)
                  00001f14    0000006c     ti_msp_dl_config.o (.text.SYSCFG_DL_PWM_SERVO_init)
                  00001f80    00000068     libclang_rt.builtins.a : comparedf2.c.obj (.text.__ledf2)
                  00001fe8    00000062                            : aeabi_dcmp.S.obj (.text.__aeabi_dcmp)
                  0000204a    00000002     --HOLE-- [fill = 0]
                  0000204c    00000062                            : aeabi_fcmp.S.obj (.text.__aeabi_fcmp)
                  000020ae    00000062     libc.a : memset16.S.obj (.text:memset)
                  00002110    00000060     ti_msp_dl_config.o (.text.SYSCFG_DL_UART_0_init)
                  00002170    00000060     ti_msp_dl_config.o (.text.SYSCFG_DL_init)
                  000021d0    00000048     driverlib.a : dl_uart.o (.text.DL_UART_init)
                  00002218    00000040     ti_msp_dl_config.o (.text.SYSCFG_DL_SYSCTL_init)
                  00002258    00000040     libclang_rt.builtins.a : aeabi_uidivmod.S.obj (.text.__aeabi_uidivmod)
                  00002298    00000040                            : extendsfdf2.S.obj (.text.__extendsfdf2)
                  000022d8    0000003c     ti_msp_dl_config.o (.text.SYSCFG_DL_ENCODER1_A_init)
                  00002314    0000003c     ti_msp_dl_config.o (.text.SYSCFG_DL_ENCODER2_A_init)
                  00002350    0000003c     ti_msp_dl_config.o (.text.SYSCFG_DL_ENCODER3_A_init)
                  0000238c    0000003c     ti_msp_dl_config.o (.text.SYSCFG_DL_ENCODER4_A_init)
                  000023c8    0000003c     libclang_rt.builtins.a : comparesf2.S.obj (.text.__gtsf2)
                  00002404    0000003c     libc.a : autoinit.c.obj (.text:__TI_auto_init_nobinit_nopinit)
                  00002440    0000003a     libclang_rt.builtins.a : comparesf2.S.obj (.text.__eqsf2)
                  0000247a    00000002     --HOLE-- [fill = 0]
                  0000247c    0000003a                            : muldsi3.S.obj (.text.__muldsi3)
                  000024b6    00000002     --HOLE-- [fill = 0]
                  000024b8    00000038     ti_msp_dl_config.o (.text.SYSCFG_DL_CLOCK_init)
                  000024f0    00000038     motor.o (.text.TIMG8_IRQHandler)
                  00002528    00000038     libclang_rt.builtins.a : fixsfsi.S.obj (.text.__fixsfsi)
                  00002560    00000038     libc.a : sprintf.c.obj (.text.sprintf)
                  00002598    00000032     libclang_rt.builtins.a : fixunssfsi.S.obj (.text.__fixunssfsi)
                  000025ca    00000002     --HOLE-- [fill = 0]
                  000025cc    00000030     ti_msp_dl_config.o (.text.SYSCFG_DL_I2C_SCR_init)
                  000025fc    00000030     ti_msp_dl_config.o (.text.SYSCFG_DL_SYSTICK_init)
                  0000262c    00000030     motor.o (.text.TIMG7_IRQHandler)
                  0000265c    0000002c     libclang_rt.builtins.a : floatsidf.S.obj (.text.__floatsidf)
                  00002688    00000028     motor.o (.text.TIMG0_IRQHandler)
                  000026b0    00000028     motor.o (.text.TIMG6_IRQHandler)
                  000026d8    00000028     libclang_rt.builtins.a : floatunsisf.S.obj (.text.__floatunsisf)
                  00002700    00000028     libc.a : boot_cortex_m.c.obj (.text:_c_int00_noargs)
                  00002728    00000026     driverlib.a : dl_i2c.o (.text.DL_I2C_setClockConfig)
                  0000274e    00000022     libc.a : memccpy.c.obj (.text.memccpy)
                  00002770    0000001c     driverlib.a : dl_timer.o (.text.DL_Timer_setCaptCompUpdateMethod)
                  0000278c    0000001c                 : dl_timer.o (.text.DL_Timer_setClockConfig)
                  000027a8    00000018                 : dl_timer.o (.text.DL_Timer_setCaptureCompareOutCtl)
                  000027c0    00000018     libc.a : sprintf.c.obj (.text._outs)
                  000027d8    00000014     empty.o (.text.SysTick_Handler)
                  000027ec    00000012     driverlib.a : dl_uart.o (.text.DL_UART_setClockConfig)
                  000027fe    00000012     libc.a : copy_decompress_none.c.obj (.text:decompress:none)
                  00002810    00000010     driverlib.a : dl_timer.o (.text.DL_Timer_setCaptureCompareValue)
                  00002820    00000010     libc.a : copy_zero_init.c.obj (.text:decompress:ZI)
                  00002830    0000000e     libclang_rt.builtins.a : aeabi_memset.S.obj (.text.__aeabi_memset)
                  0000283e    0000000e     libc.a : _printfi.c.obj (.text.strlen)
                  0000284c    0000000c     libclang_rt.builtins.a : aeabi_memset.S.obj (.text.__aeabi_memclr)
                  00002858    0000000a     driverlib.a : dl_common.o (.text.DL_Common_delayCycles)
                  00002862    0000000a     libc.a : sprintf.c.obj (.text._outc)
                  0000286c    00000008     libclang_rt.builtins.a : aeabi_memcpy.S.obj (.text.__aeabi_memcpy)
                  00002874    00000006     libc.a : exit.c.obj (.text:abort)
                  0000287a    00000004     startup_mspm0g350x_ticlang.o (.text.Reset_Handler)
                  0000287e    00000004     libc.a : pre_init.c.obj (.text._system_pre_init)
                  00002882    0000000e     --HOLE-- [fill = 0]

.cinit     0    00002958    00000040     
                  00002958    0000001a     (.cinit..data.load) [load image, compression = lzss]
                  00002972    00000002     --HOLE-- [fill = 0]
                  00002974    0000000c     (__TI_handler_table)
                  00002980    00000008     (.cinit..bss.load) [load image, compression = zero_init]
                  00002988    00000010     (__TI_cinit_table)

.rodata    0    00002890    000000c8     
                  00002890    0000001d     empty.o (.rodata.str1.9517790425240694019.1)
                  000028ad    00000003     ti_msp_dl_config.o (.rodata.gCLOCKClockConfig)
                  000028b0    00000014     ti_msp_dl_config.o (.rodata.gCLOCKTimerConfig)
                  000028c4    00000011     libc.a : _printfi.c.obj (.rodata.str1.15363888844622738466.1)
                  000028d5    00000003     ti_msp_dl_config.o (.rodata.gENCODER1_AClockConfig)
                  000028d8    00000010     ti_msp_dl_config.o (.rodata.gENCODER1_ACaptureConfig)
                  000028e8    00000010     ti_msp_dl_config.o (.rodata.gENCODER2_ACaptureConfig)
                  000028f8    00000010     ti_msp_dl_config.o (.rodata.gENCODER3_ACaptureConfig)
                  00002908    00000010     ti_msp_dl_config.o (.rodata.gENCODER4_ACaptureConfig)
                  00002918    0000000c     driverlib.a : dl_timer.o (.rodata..Lswitch.table.DL_Timer_initCompareMode)
                  00002924    0000000a     ti_msp_dl_config.o (.rodata.gUART_0Config)
                  0000292e    00000002     ti_msp_dl_config.o (.rodata.gI2C_SCRClockConfig)
                  00002930    00000008     ti_msp_dl_config.o (.rodata.gPWM_MOTORConfig)
                  00002938    00000008     ti_msp_dl_config.o (.rodata.gPWM_SERVOConfig)
                  00002940    00000003     ti_msp_dl_config.o (.rodata.gENCODER2_AClockConfig)
                  00002943    00000003     ti_msp_dl_config.o (.rodata.gENCODER3_AClockConfig)
                  00002946    00000003     ti_msp_dl_config.o (.rodata.gENCODER4_AClockConfig)
                  00002949    00000003     ti_msp_dl_config.o (.rodata.gPWM_MOTORClockConfig)
                  0000294c    00000003     ti_msp_dl_config.o (.rodata.gPWM_SERVOClockConfig)
                  0000294f    00000002     ti_msp_dl_config.o (.rodata.gUART_0ClockConfig)
                  00002951    00000007     --HOLE-- [fill = 0]

.init_array 
*          0    00000000    00000000     UNINITIALIZED

.binit     0    00000000    00000000     

.bss       0    20200000    00000f78     UNINITIALIZED
                  20200000    00000640     (.common:motors)
                  20200640    00000190     (.common:motorA)
                  202007d0    00000190     (.common:motorB)
                  20200960    00000190     (.common:motorC)
                  20200af0    00000190     (.common:motorD)
                  20200c80    000000bc     (.common:gCLOCKBackup)
                  20200d3c    000000bc     (.common:gPWM_MOTORBackup)
                  20200df8    000000a0     (.common:gENCODER2_ABackup)
                  20200e98    000000a0     (.common:gENCODER3_ABackup)
                  20200f38    00000040     (.common:buff)

.data      0    20200f78    00000038     UNINITIALIZED
                  20200f78    00000020     empty.o (.data.weights)
                  20200f98    00000008     empty.o (.data.INF_Data_Sum)
                  20200fa0    00000008     empty.o (.data.Wheel_Distance)
                  20200fa8    00000004     empty.o (.data.delay_times)
                  20200fac    00000004     empty.o (.data.period)

.stack     0    20207e00    00000200     UNINITIALIZED
                  20207e00    00000004     libc.a : boot_cortex_m.c.obj (.stack)
                  20207e04    000001fc     --HOLE--

__llvm_prf_cnts 
*          0    20200000    00000000     UNINITIALIZED

__llvm_prf_bits 
*          0    20200000    00000000     UNINITIALIZED

MODULE SUMMARY

       Module                         code    ro data   rw data
       ------                         ----    -------   -------
    .\
       empty.o                        2750    29        3320   
       ti_msp_dl_config.o             1356    135       696    
       motor.o                        1292    0         0      
       startup_mspm0g350x_ticlang.o   6       192       0      
    +--+------------------------------+-------+---------+---------+
       Total:                         5404    356       4016   
                                                               
    C:/ti/mspm0_sdk_2_05_00_05/source/ti/driverlib/lib/ticlang/m0p/mspm0g1x0x_g3x0x/driverlib.a
       dl_timer.o                     872     12        0      
       dl_uart.o                      90      0         0      
       dl_i2c.o                       38      0         0      
       dl_common.o                    10      0         0      
    +--+------------------------------+-------+---------+---------+
       Total:                         1010    12        0      
                                                               
    C:\ti\ccs2020\ccs\tools\compiler\ti-cgt-armllvm_4.0.3.LTS\lib\armv6m-ti-none-eabi/c/libc.a
       _printfi.c.obj                 658     17        0      
       memcpy16.S.obj                 154     0         0      
       copy_decompress_lzss.c.obj     124     0         0      
       memset16.S.obj                 98      0         0      
       sprintf.c.obj                  90      0         0      
       autoinit.c.obj                 60      0         0      
       boot_cortex_m.c.obj            40      0         0      
       memccpy.c.obj                  34      0         0      
       copy_decompress_none.c.obj     18      0         0      
       copy_zero_init.c.obj           16      0         0      
       exit.c.obj                     6       0         0      
       pre_init.c.obj                 4       0         0      
    +--+------------------------------+-------+---------+---------+
       Total:                         1302    17        0      
                                                               
    C:\ti\ccs2020\ccs\tools\compiler\ti-cgt-armllvm_4.0.3.LTS\lib\armv6m-ti-none-eabi/c/libsysbm.a
       hostexit.c.obj                 4       0         0      
    +--+------------------------------+-------+---------+---------+
       Total:                         4       0         0      
                                                               
    C:\ti\ccs2020\ccs\tools\compiler\ti-cgt-armllvm_4.0.3.LTS\lib\armv6m-ti-none-eabi/libclang_rt.builtins.a
       adddf3.S.obj                   402     0         0      
       divdf3.S.obj                   268     0         0      
       muldf3.S.obj                   228     0         0      
       comparedf2.c.obj               220     0         0      
       addsf3.S.obj                   216     0         0      
       mulsf3.S.obj                   140     0         0      
       divsf3.S.obj                   130     0         0      
       comparesf2.S.obj               118     0         0      
       truncdfsf2.S.obj               116     0         0      
       aeabi_dcmp.S.obj               98      0         0      
       aeabi_fcmp.S.obj               98      0         0      
       aeabi_uidivmod.S.obj           64      0         0      
       extendsfdf2.S.obj              64      0         0      
       muldsi3.S.obj                  58      0         0      
       fixsfsi.S.obj                  56      0         0      
       fixunssfsi.S.obj               50      0         0      
       floatsidf.S.obj                44      0         0      
       floatunsisf.S.obj              40      0         0      
       aeabi_memset.S.obj             26      0         0      
       aeabi_memcpy.S.obj             8       0         0      
       aeabi_div0.c.obj               2       0         0      
    +--+------------------------------+-------+---------+---------+
       Total:                         2446    0         0      
                                                               
       Stack:                         0       0         512    
       Linker Generated:              0       62        0      
    +--+------------------------------+-------+---------+---------+
       Grand Total:                   10166   447       4528   


LINKER GENERATED COPY TABLES

__TI_cinit_table @ 00002988 records: 2, size/record: 8, table size: 16
	.data: load addr=00002958, load size=0000001a bytes, run addr=20200f78, run size=00000038 bytes, compression=lzss
	.bss: load addr=00002980, load size=00000008 bytes, run addr=20200000, run size=00000f78 bytes, compression=zero_init


LINKER GENERATED HANDLER TABLE

__TI_handler_table @ 00002974 records: 3, size/record: 4, table size: 12
	index: 0, handler: __TI_decompress_lzss
	index: 1, handler: __TI_decompress_none
	index: 2, handler: __TI_zero_init


GLOBAL SYMBOLS: SORTED ALPHABETICALLY BY Name 

address   name                            
-------   ----                            
0000107f  ADC0_IRQHandler                 
0000107f  ADC1_IRQHandler                 
0000107f  AES_IRQHandler                  
00001e9c  C$$EXIT                         
0000107f  CANFD0_IRQHandler               
0000107f  DAC0_IRQHandler                 
00002859  DL_Common_delayCycles           
00002729  DL_I2C_setClockConfig           
00001215  DL_Timer_initCaptureMode        
0000143d  DL_Timer_initFourCCPWMMode      
0000162d  DL_Timer_initTimerMode          
00002771  DL_Timer_setCaptCompUpdateMethod
000027a9  DL_Timer_setCaptureCompareOutCtl
00002811  DL_Timer_setCaptureCompareValue 
0000278d  DL_Timer_setClockConfig         
000021d1  DL_UART_init                    
000027ed  DL_UART_setClockConfig          
0000107f  DMA_IRQHandler                  
0000107f  Default_Handler                 
0000107f  GROUP0_IRQHandler               
0000107f  GROUP1_IRQHandler               
00001e9d  HOSTexit                        
0000107f  HardFault_Handler               
0000107f  I2C0_IRQHandler                 
0000107f  I2C1_IRQHandler                 
20200f98  INF_Data_Sum                    
00001541  Motor_Set_Duty                  
0000107f  NMI_Handler                     
0000107f  PendSV_Handler                  
0000107f  RTC_IRQHandler                  
0000287b  Reset_Handler                   
0000107f  SPI0_IRQHandler                 
0000107f  SPI1_IRQHandler                 
0000107f  SVC_Handler                     
000024b9  SYSCFG_DL_CLOCK_init            
000022d9  SYSCFG_DL_ENCODER1_A_init       
00002315  SYSCFG_DL_ENCODER2_A_init       
00002351  SYSCFG_DL_ENCODER3_A_init       
0000238d  SYSCFG_DL_ENCODER4_A_init       
00001715  SYSCFG_DL_GPIO_init             
000025cd  SYSCFG_DL_I2C_SCR_init          
000018dd  SYSCFG_DL_PWM_MOTOR_init        
00001f15  SYSCFG_DL_PWM_SERVO_init        
00002219  SYSCFG_DL_SYSCTL_init           
000025fd  SYSCFG_DL_SYSTICK_init          
00002111  SYSCFG_DL_UART_0_init           
00002171  SYSCFG_DL_init                  
00001c09  SYSCFG_DL_initPower             
000027d9  SysTick_Handler                 
0000107f  TIMA0_IRQHandler                
0000086d  TIMA1_IRQHandler                
00002689  TIMG0_IRQHandler                
0000107f  TIMG12_IRQHandler               
000026b1  TIMG6_IRQHandler                
0000262d  TIMG7_IRQHandler                
000024f1  TIMG8_IRQHandler                
0000107f  UART0_IRQHandler                
0000107f  UART1_IRQHandler                
0000107f  UART2_IRQHandler                
0000107f  UART3_IRQHandler                
20200fa0  Wheel_Distance                  
20208000  __STACK_END                     
00000200  __STACK_SIZE                    
00000000  __TI_ATRegion0_region_sz        
00000000  __TI_ATRegion0_src_addr         
00000000  __TI_ATRegion0_trg_addr         
00000000  __TI_ATRegion1_region_sz        
00000000  __TI_ATRegion1_src_addr         
00000000  __TI_ATRegion1_trg_addr         
00000000  __TI_ATRegion2_region_sz        
00000000  __TI_ATRegion2_src_addr         
00000000  __TI_ATRegion2_trg_addr         
00002988  __TI_CINIT_Base                 
00002998  __TI_CINIT_Limit                
00002998  __TI_CINIT_Warm                 
00002974  __TI_Handler_Table_Base         
00002980  __TI_Handler_Table_Limit        
00002405  __TI_auto_init_nobinit_nopinit  
00001dad  __TI_decompress_lzss            
000027ff  __TI_decompress_none            
ffffffff  __TI_pprof_out_hndl             
00000be9  __TI_printfi_minimal            
ffffffff  __TI_prof_data_size             
ffffffff  __TI_prof_data_start            
00000000  __TI_static_base__              
00002821  __TI_zero_init                  
0000108b  __adddf3                        
00001a9f  __addsf3                        
00001ea1  __aeabi_d2f                     
0000108b  __aeabi_dadd                    
00001fe9  __aeabi_dcmpeq                  
00002025  __aeabi_dcmpge                  
00002039  __aeabi_dcmpgt                  
00002011  __aeabi_dcmple                  
00001ffd  __aeabi_dcmplt                  
00001331  __aeabi_ddiv                    
000017f9  __aeabi_dmul                    
00001081  __aeabi_dsub                    
00002299  __aeabi_f2d                     
00002529  __aeabi_f2iz                    
00002599  __aeabi_f2uiz                   
00001a9f  __aeabi_fadd                    
0000204d  __aeabi_fcmpeq                  
00002089  __aeabi_fcmpge                  
0000209d  __aeabi_fcmpgt                  
00002075  __aeabi_fcmple                  
00002061  __aeabi_fcmplt                  
00001d29  __aeabi_fdiv                    
00001c9d  __aeabi_fmul                    
00001a95  __aeabi_fsub                    
0000265d  __aeabi_i2d                     
00001213  __aeabi_idiv0                   
0000284d  __aeabi_memclr                  
0000284d  __aeabi_memclr4                 
0000284d  __aeabi_memclr8                 
0000286d  __aeabi_memcpy                  
0000286d  __aeabi_memcpy4                 
0000286d  __aeabi_memcpy8                 
00002831  __aeabi_memset                  
00002831  __aeabi_memset4                 
00002831  __aeabi_memset8                 
000026d9  __aeabi_ui2f                    
00002259  __aeabi_uidiv                   
00002259  __aeabi_uidivmod                
ffffffff  __binit__                       
00001f81  __cmpdf2                        
00002441  __cmpsf2                        
00001331  __divdf3                        
00001d29  __divsf3                        
00001f81  __eqdf2                         
00002441  __eqsf2                         
00002299  __extendsfdf2                   
00002529  __fixsfsi                       
00002599  __fixunssfsi                    
0000265d  __floatsidf                     
000026d9  __floatunsisf                   
00001e29  __gedf2                         
000023c9  __gesf2                         
00001e29  __gtdf2                         
000023c9  __gtsf2                         
00001f81  __ledf2                         
00002441  __lesf2                         
00001f81  __ltdf2                         
00002441  __ltsf2                         
UNDEFED   __mpu_init                      
000017f9  __muldf3                        
0000247d  __muldsi3                       
00001c9d  __mulsf3                        
00001f81  __nedf2                         
00002441  __nesf2                         
20207e00  __stack                         
20200000  __start___llvm_prf_bits         
20200000  __start___llvm_prf_cnts         
20200000  __stop___llvm_prf_bits          
20200000  __stop___llvm_prf_cnts          
00001081  __subdf3                        
00001a95  __subsf3                        
00001ea1  __truncdfsf2                    
00002701  _c_int00_noargs                 
UNDEFED   _system_post_cinit              
0000287f  _system_pre_init                
00002875  abort                           
ffffffff  binit                           
20200f38  buff                            
20200fa8  delay_times                     
20200c80  gCLOCKBackup                    
20200df8  gENCODER2_ABackup               
20200e98  gENCODER3_ABackup               
20200d3c  gPWM_MOTORBackup                
00000000  interruptVectors                
000000c1  main                            
0000274f  memccpy                         
00001b6d  memcpy                          
000020af  memset                          
20200640  motorA                          
202007d0  motorB                          
20200960  motorC                          
20200af0  motorD                          
000019bd  motor_Init                      
20200000  motors                          
20200fac  period                          
00000e6d  pid_calc                        
00002561  sprintf                         
20200f78  weights                         


GLOBAL SYMBOLS: SORTED BY Symbol Address 

address   name                            
-------   ----                            
00000000  __TI_ATRegion0_region_sz        
00000000  __TI_ATRegion0_src_addr         
00000000  __TI_ATRegion0_trg_addr         
00000000  __TI_ATRegion1_region_sz        
00000000  __TI_ATRegion1_src_addr         
00000000  __TI_ATRegion1_trg_addr         
00000000  __TI_ATRegion2_region_sz        
00000000  __TI_ATRegion2_src_addr         
00000000  __TI_ATRegion2_trg_addr         
00000000  __TI_static_base__              
00000000  interruptVectors                
000000c1  main                            
00000200  __STACK_SIZE                    
0000086d  TIMA1_IRQHandler                
00000be9  __TI_printfi_minimal            
00000e6d  pid_calc                        
0000107f  ADC0_IRQHandler                 
0000107f  ADC1_IRQHandler                 
0000107f  AES_IRQHandler                  
0000107f  CANFD0_IRQHandler               
0000107f  DAC0_IRQHandler                 
0000107f  DMA_IRQHandler                  
0000107f  Default_Handler                 
0000107f  GROUP0_IRQHandler               
0000107f  GROUP1_IRQHandler               
0000107f  HardFault_Handler               
0000107f  I2C0_IRQHandler                 
0000107f  I2C1_IRQHandler                 
0000107f  NMI_Handler                     
0000107f  PendSV_Handler                  
0000107f  RTC_IRQHandler                  
0000107f  SPI0_IRQHandler                 
0000107f  SPI1_IRQHandler                 
0000107f  SVC_Handler                     
0000107f  TIMA0_IRQHandler                
0000107f  TIMG12_IRQHandler               
0000107f  UART0_IRQHandler                
0000107f  UART1_IRQHandler                
0000107f  UART2_IRQHandler                
0000107f  UART3_IRQHandler                
00001081  __aeabi_dsub                    
00001081  __subdf3                        
0000108b  __adddf3                        
0000108b  __aeabi_dadd                    
00001213  __aeabi_idiv0                   
00001215  DL_Timer_initCaptureMode        
00001331  __aeabi_ddiv                    
00001331  __divdf3                        
0000143d  DL_Timer_initFourCCPWMMode      
00001541  Motor_Set_Duty                  
0000162d  DL_Timer_initTimerMode          
00001715  SYSCFG_DL_GPIO_init             
000017f9  __aeabi_dmul                    
000017f9  __muldf3                        
000018dd  SYSCFG_DL_PWM_MOTOR_init        
000019bd  motor_Init                      
00001a95  __aeabi_fsub                    
00001a95  __subsf3                        
00001a9f  __addsf3                        
00001a9f  __aeabi_fadd                    
00001b6d  memcpy                          
00001c09  SYSCFG_DL_initPower             
00001c9d  __aeabi_fmul                    
00001c9d  __mulsf3                        
00001d29  __aeabi_fdiv                    
00001d29  __divsf3                        
00001dad  __TI_decompress_lzss            
00001e29  __gedf2                         
00001e29  __gtdf2                         
00001e9c  C$$EXIT                         
00001e9d  HOSTexit                        
00001ea1  __aeabi_d2f                     
00001ea1  __truncdfsf2                    
00001f15  SYSCFG_DL_PWM_SERVO_init        
00001f81  __cmpdf2                        
00001f81  __eqdf2                         
00001f81  __ledf2                         
00001f81  __ltdf2                         
00001f81  __nedf2                         
00001fe9  __aeabi_dcmpeq                  
00001ffd  __aeabi_dcmplt                  
00002011  __aeabi_dcmple                  
00002025  __aeabi_dcmpge                  
00002039  __aeabi_dcmpgt                  
0000204d  __aeabi_fcmpeq                  
00002061  __aeabi_fcmplt                  
00002075  __aeabi_fcmple                  
00002089  __aeabi_fcmpge                  
0000209d  __aeabi_fcmpgt                  
000020af  memset                          
00002111  SYSCFG_DL_UART_0_init           
00002171  SYSCFG_DL_init                  
000021d1  DL_UART_init                    
00002219  SYSCFG_DL_SYSCTL_init           
00002259  __aeabi_uidiv                   
00002259  __aeabi_uidivmod                
00002299  __aeabi_f2d                     
00002299  __extendsfdf2                   
000022d9  SYSCFG_DL_ENCODER1_A_init       
00002315  SYSCFG_DL_ENCODER2_A_init       
00002351  SYSCFG_DL_ENCODER3_A_init       
0000238d  SYSCFG_DL_ENCODER4_A_init       
000023c9  __gesf2                         
000023c9  __gtsf2                         
00002405  __TI_auto_init_nobinit_nopinit  
00002441  __cmpsf2                        
00002441  __eqsf2                         
00002441  __lesf2                         
00002441  __ltsf2                         
00002441  __nesf2                         
0000247d  __muldsi3                       
000024b9  SYSCFG_DL_CLOCK_init            
000024f1  TIMG8_IRQHandler                
00002529  __aeabi_f2iz                    
00002529  __fixsfsi                       
00002561  sprintf                         
00002599  __aeabi_f2uiz                   
00002599  __fixunssfsi                    
000025cd  SYSCFG_DL_I2C_SCR_init          
000025fd  SYSCFG_DL_SYSTICK_init          
0000262d  TIMG7_IRQHandler                
0000265d  __aeabi_i2d                     
0000265d  __floatsidf                     
00002689  TIMG0_IRQHandler                
000026b1  TIMG6_IRQHandler                
000026d9  __aeabi_ui2f                    
000026d9  __floatunsisf                   
00002701  _c_int00_noargs                 
00002729  DL_I2C_setClockConfig           
0000274f  memccpy                         
00002771  DL_Timer_setCaptCompUpdateMethod
0000278d  DL_Timer_setClockConfig         
000027a9  DL_Timer_setCaptureCompareOutCtl
000027d9  SysTick_Handler                 
000027ed  DL_UART_setClockConfig          
000027ff  __TI_decompress_none            
00002811  DL_Timer_setCaptureCompareValue 
00002821  __TI_zero_init                  
00002831  __aeabi_memset                  
00002831  __aeabi_memset4                 
00002831  __aeabi_memset8                 
0000284d  __aeabi_memclr                  
0000284d  __aeabi_memclr4                 
0000284d  __aeabi_memclr8                 
00002859  DL_Common_delayCycles           
0000286d  __aeabi_memcpy                  
0000286d  __aeabi_memcpy4                 
0000286d  __aeabi_memcpy8                 
00002875  abort                           
0000287b  Reset_Handler                   
0000287f  _system_pre_init                
00002974  __TI_Handler_Table_Base         
00002980  __TI_Handler_Table_Limit        
00002988  __TI_CINIT_Base                 
00002998  __TI_CINIT_Limit                
00002998  __TI_CINIT_Warm                 
20200000  __start___llvm_prf_bits         
20200000  __start___llvm_prf_cnts         
20200000  __stop___llvm_prf_bits          
20200000  __stop___llvm_prf_cnts          
20200000  motors                          
20200640  motorA                          
202007d0  motorB                          
20200960  motorC                          
20200af0  motorD                          
20200c80  gCLOCKBackup                    
20200d3c  gPWM_MOTORBackup                
20200df8  gENCODER2_ABackup               
20200e98  gENCODER3_ABackup               
20200f38  buff                            
20200f78  weights                         
20200f98  INF_Data_Sum                    
20200fa0  Wheel_Distance                  
20200fa8  delay_times                     
20200fac  period                          
20207e00  __stack                         
20208000  __STACK_END                     
ffffffff  __TI_pprof_out_hndl             
ffffffff  __TI_prof_data_size             
ffffffff  __TI_prof_data_start            
ffffffff  __binit__                       
ffffffff  binit                           
UNDEFED   __mpu_init                      
UNDEFED   _system_post_cinit              

[184 symbols]
