******************************************************************************
            TI ARM Clang Linker PC v4.0.3                      
******************************************************************************
>> Linked Wed Jun 25 16:34:02 2025

OUTPUT FILE NAME:   <CAR-V1.out>
ENTRY POINT SYMBOL: "_c_int00_noargs"  address: 000016d9


MEMORY CONFIGURATION

         name            origin    length      used     unused   attr    fill
----------------------  --------  ---------  --------  --------  ----  --------
  FLASH                 00000000   00020000  000018e8  0001e718  R  X
  SRAM                  20200000   00008000  0000030c  00007cf4  RW X
  BCR_CONFIG            41c00000   000000ff  00000000  000000ff  R   
  BSL_CONFIG            41c00100   00000080  00000000  00000080  R   


SEGMENT ALLOCATION MAP

run origin  load origin   length   init length attrs members
----------  ----------- ---------- ----------- ----- -------
00000000    00000000    000018e8   000018e8    r-x
  00000000    00000000    000000c0   000000c0    r-- .intvecs
  000000c0    000000c0    000017a0   000017a0    r-x .text
  00001860    00001860    00000058   00000058    r-- .rodata
  000018b8    000018b8    00000030   00000030    r-- .cinit
20200000    20200000    00000110   00000000    rw-
  20200000    20200000    000000fc   00000000    rw- .bss
  20200100    20200100    00000010   00000000    rw- .data
20207e00    20207e00    00000200   00000000    rw-
  20207e00    20207e00    00000200   00000000    rw- .stack


SECTION ALLOCATION MAP

 output                                  attributes/
section   page    origin      length       input sections
--------  ----  ----------  ----------   ----------------
.intvecs   0    00000000    000000c0     
                  00000000    000000c0     startup_mspm0g350x_ticlang.o (.intvecs)

.text      0    000000c0    000017a0     
                  000000c0    0000070c     empty.o (.text.main)
                  000007cc    00000284     libc.a : _printfi.c.obj (.text:__TI_printfi_minimal)
                  00000a50    00000192     libclang_rt.builtins.a : adddf3.S.obj (.text.adddf3_subdf3)
                  00000be2    00000002     startup_mspm0g350x_ticlang.o (.text.Default_Handler)
                  00000be4    0000010c     ti_msp_dl_config.o (.text.SYSCFG_DL_GPIO_init)
                  00000cf0    00000104     driverlib.a : dl_timer.o (.text.DL_Timer_initFourCCPWMMode)
                  00000df4    000000e0     ti_msp_dl_config.o (.text.SYSCFG_DL_PWM_MOTOR_init)
                  00000ed4    000000d8     libclang_rt.builtins.a : addsf3.S.obj (.text)
                  00000fac    0000009a     libc.a : memcpy16.S.obj (.text:memcpy)
                  00001046    00000002     libclang_rt.builtins.a : aeabi_div0.c.obj (.text.__aeabi_idiv0)
                  00001048    0000008c                            : mulsf3.S.obj (.text.__mulsf3)
                  000010d4    0000007c     libc.a : copy_decompress_lzss.c.obj (.text:decompress:lzss)
                  00001150    00000074     libclang_rt.builtins.a : comparedf2.c.obj (.text.__gedf2)
                  000011c4    0000006c     ti_msp_dl_config.o (.text.SYSCFG_DL_PWM_SERVO_init)
                  00001230    00000068     libclang_rt.builtins.a : comparedf2.c.obj (.text.__ledf2)
                  00001298    00000062                            : aeabi_dcmp.S.obj (.text.__aeabi_dcmp)
                  000012fa    00000062     libc.a : memset16.S.obj (.text:memset)
                  0000135c    00000060     ti_msp_dl_config.o (.text.SYSCFG_DL_UART_0_init)
                  000013bc    00000054     ti_msp_dl_config.o (.text.SYSCFG_DL_initPower)
                  00001410    00000048     driverlib.a : dl_uart.o (.text.DL_UART_init)
                  00001458    00000040     ti_msp_dl_config.o (.text.SYSCFG_DL_SYSCTL_init)
                  00001498    00000040     libclang_rt.builtins.a : aeabi_uidivmod.S.obj (.text.__aeabi_uidivmod)
                  000014d8    0000003c     libc.a : autoinit.c.obj (.text:__TI_auto_init_nobinit_nopinit)
                  00001514    0000003a     libclang_rt.builtins.a : muldsi3.S.obj (.text.__muldsi3)
                  0000154e    00000002     --HOLE-- [fill = 0]
                  00001550    00000038                            : fixsfsi.S.obj (.text.__fixsfsi)
                  00001588    00000038     libc.a : sprintf.c.obj (.text.sprintf)
                  000015c0    00000032     libclang_rt.builtins.a : fixunssfsi.S.obj (.text.__fixunssfsi)
                  000015f2    00000002     --HOLE-- [fill = 0]
                  000015f4    00000030     ti_msp_dl_config.o (.text.SYSCFG_DL_I2C_SCR_init)
                  00001624    00000030     ti_msp_dl_config.o (.text.SYSCFG_DL_SYSTICK_init)
                  00001654    00000030     ti_msp_dl_config.o (.text.SYSCFG_DL_init)
                  00001684    0000002c     libclang_rt.builtins.a : floatsidf.S.obj (.text.__floatsidf)
                  000016b0    00000028                            : floatunsisf.S.obj (.text.__floatunsisf)
                  000016d8    00000028     libc.a : boot_cortex_m.c.obj (.text:_c_int00_noargs)
                  00001700    00000026     driverlib.a : dl_i2c.o (.text.DL_I2C_setClockConfig)
                  00001726    00000022     libc.a : memccpy.c.obj (.text.memccpy)
                  00001748    0000001c     driverlib.a : dl_timer.o (.text.DL_Timer_setCaptCompUpdateMethod)
                  00001764    0000001c                 : dl_timer.o (.text.DL_Timer_setClockConfig)
                  00001780    00000018                 : dl_timer.o (.text.DL_Timer_setCaptureCompareOutCtl)
                  00001798    00000018     libc.a : sprintf.c.obj (.text._outs)
                  000017b0    00000016            : copy_zero_init.c.obj (.text:decompress:ZI:__TI_zero_init_nomemset)
                  000017c6    00000002     --HOLE-- [fill = 0]
                  000017c8    00000014     empty.o (.text.SysTick_Handler)
                  000017dc    00000012     driverlib.a : dl_uart.o (.text.DL_UART_setClockConfig)
                  000017ee    00000012     libc.a : copy_decompress_none.c.obj (.text:decompress:none)
                  00001800    00000010     driverlib.a : dl_timer.o (.text.DL_Timer_setCaptureCompareValue)
                  00001810    0000000e     libclang_rt.builtins.a : aeabi_memset.S.obj (.text.__aeabi_memset)
                  0000181e    0000000e     libc.a : _printfi.c.obj (.text.strlen)
                  0000182c    0000000a     driverlib.a : dl_common.o (.text.DL_Common_delayCycles)
                  00001836    0000000a     libc.a : sprintf.c.obj (.text._outc)
                  00001840    00000008     libclang_rt.builtins.a : aeabi_memcpy.S.obj (.text.__aeabi_memcpy)
                  00001848    00000006     libc.a : exit.c.obj (.text:abort)
                  0000184e    00000004     libsysbm.a : hostexit.c.obj (.text.HOSTexit)
                  00001852    00000004     startup_mspm0g350x_ticlang.o (.text.Reset_Handler)
                  00001856    00000004     libc.a : pre_init.c.obj (.text._system_pre_init)
                  0000185a    00000006     --HOLE-- [fill = 0]

.cinit     0    000018b8    00000030     
                  000018b8    0000000c     (__TI_handler_table)
                  000018c4    0000000a     (.cinit..data.load) [load image, compression = lzss]
                  000018ce    00000002     --HOLE-- [fill = 0]
                  000018d0    00000008     (.cinit..bss.load) [load image, compression = zero_init]
                  000018d8    00000010     (__TI_cinit_table)

.rodata    0    00001860    00000058     
                  00001860    0000001d     empty.o (.rodata.str1.9517790425240694019.1)
                  0000187d    00000011     libc.a : _printfi.c.obj (.rodata.str1.15363888844622738466.1)
                  0000188e    0000000a     ti_msp_dl_config.o (.rodata.gUART_0Config)
                  00001898    00000008     ti_msp_dl_config.o (.rodata.gPWM_MOTORConfig)
                  000018a0    00000008     ti_msp_dl_config.o (.rodata.gPWM_SERVOConfig)
                  000018a8    00000003     ti_msp_dl_config.o (.rodata.gPWM_MOTORClockConfig)
                  000018ab    00000003     ti_msp_dl_config.o (.rodata.gPWM_SERVOClockConfig)
                  000018ae    00000002     ti_msp_dl_config.o (.rodata.gI2C_SCRClockConfig)
                  000018b0    00000002     ti_msp_dl_config.o (.rodata.gUART_0ClockConfig)
                  000018b2    00000006     --HOLE-- [fill = 0]

.init_array 
*          0    00000000    00000000     UNINITIALIZED

.binit     0    00000000    00000000     

.bss       0    20200000    000000fc     UNINITIALIZED
                  20200000    000000bc     (.common:gPWM_MOTORBackup)
                  202000bc    00000040     (.common:buff)

.data      0    20200100    00000010     UNINITIALIZED
                  20200100    00000008     empty.o (.data.INF_Data_Sum)
                  20200108    00000004     empty.o (.data.delay_times)
                  2020010c    00000004     empty.o (.data.period)

.stack     0    20207e00    00000200     UNINITIALIZED
                  20207e00    00000004     libc.a : boot_cortex_m.c.obj (.stack)
                  20207e04    000001fc     --HOLE--

__llvm_prf_cnts 
*          0    20200000    00000000     UNINITIALIZED

__llvm_prf_bits 
*          0    20200000    00000000     UNINITIALIZED

MODULE SUMMARY

       Module                         code   ro data   rw data
       ------                         ----   -------   -------
    .\
       empty.o                        1824   29        80     
       ti_msp_dl_config.o             988    36        188    
       startup_mspm0g350x_ticlang.o   6      192       0      
    +--+------------------------------+------+---------+---------+
       Total:                         2818   257       268    
                                                              
    C:/ti/mspm0_sdk_2_05_00_05/source/ti/driverlib/lib/ticlang/m0p/mspm0g1x0x_g3x0x/driverlib.a
       dl_timer.o                     356    0         0      
       dl_uart.o                      90     0         0      
       dl_i2c.o                       38     0         0      
       dl_common.o                    10     0         0      
    +--+------------------------------+------+---------+---------+
       Total:                         494    0         0      
                                                              
    C:\ti\ccs2020\ccs\tools\compiler\ti-cgt-armllvm_4.0.3.LTS\lib\armv6m-ti-none-eabi/c/libc.a
       _printfi.c.obj                 658    17        0      
       memcpy16.S.obj                 154    0         0      
       copy_decompress_lzss.c.obj     124    0         0      
       memset16.S.obj                 98     0         0      
       sprintf.c.obj                  90     0         0      
       autoinit.c.obj                 60     0         0      
       boot_cortex_m.c.obj            40     0         0      
       memccpy.c.obj                  34     0         0      
       copy_zero_init.c.obj           22     0         0      
       copy_decompress_none.c.obj     18     0         0      
       exit.c.obj                     6      0         0      
       pre_init.c.obj                 4      0         0      
    +--+------------------------------+------+---------+---------+
       Total:                         1308   17        0      
                                                              
    C:\ti\ccs2020\ccs\tools\compiler\ti-cgt-armllvm_4.0.3.LTS\lib\armv6m-ti-none-eabi/c/libsysbm.a
       hostexit.c.obj                 4      0         0      
    +--+------------------------------+------+---------+---------+
       Total:                         4      0         0      
                                                              
    C:\ti\ccs2020\ccs\tools\compiler\ti-cgt-armllvm_4.0.3.LTS\lib\armv6m-ti-none-eabi/libclang_rt.builtins.a
       adddf3.S.obj                   402    0         0      
       comparedf2.c.obj               220    0         0      
       addsf3.S.obj                   216    0         0      
       mulsf3.S.obj                   140    0         0      
       aeabi_dcmp.S.obj               98     0         0      
       aeabi_uidivmod.S.obj           64     0         0      
       muldsi3.S.obj                  58     0         0      
       fixsfsi.S.obj                  56     0         0      
       fixunssfsi.S.obj               50     0         0      
       floatsidf.S.obj                44     0         0      
       floatunsisf.S.obj              40     0         0      
       aeabi_memset.S.obj             14     0         0      
       aeabi_memcpy.S.obj             8      0         0      
       aeabi_div0.c.obj               2      0         0      
    +--+------------------------------+------+---------+---------+
       Total:                         1412   0         0      
                                                              
       Stack:                         0      0         512    
       Linker Generated:              0      46        0      
    +--+------------------------------+------+---------+---------+
       Grand Total:                   6036   320       780    


LINKER GENERATED COPY TABLES

__TI_cinit_table @ 000018d8 records: 2, size/record: 8, table size: 16
	.data: load addr=000018c4, load size=0000000a bytes, run addr=20200100, run size=00000010 bytes, compression=lzss
	.bss: load addr=000018d0, load size=00000008 bytes, run addr=20200000, run size=000000fc bytes, compression=zero_init


LINKER GENERATED HANDLER TABLE

__TI_handler_table @ 000018b8 records: 3, size/record: 4, table size: 12
	index: 0, handler: __TI_decompress_lzss
	index: 1, handler: __TI_decompress_none
	index: 2, handler: __TI_zero_init


GLOBAL SYMBOLS: SORTED ALPHABETICALLY BY Name 

address   name                            
-------   ----                            
00000be3  ADC0_IRQHandler                 
00000be3  ADC1_IRQHandler                 
00000be3  AES_IRQHandler                  
0000184e  C$$EXIT                         
00000be3  CANFD0_IRQHandler               
00000be3  DAC0_IRQHandler                 
0000182d  DL_Common_delayCycles           
00001701  DL_I2C_setClockConfig           
00000cf1  DL_Timer_initFourCCPWMMode      
00001749  DL_Timer_setCaptCompUpdateMethod
00001781  DL_Timer_setCaptureCompareOutCtl
00001801  DL_Timer_setCaptureCompareValue 
00001765  DL_Timer_setClockConfig         
00001411  DL_UART_init                    
000017dd  DL_UART_setClockConfig          
00000be3  DMA_IRQHandler                  
00000be3  Default_Handler                 
00000be3  GROUP0_IRQHandler               
00000be3  GROUP1_IRQHandler               
0000184f  HOSTexit                        
00000be3  HardFault_Handler               
00000be3  I2C0_IRQHandler                 
00000be3  I2C1_IRQHandler                 
20200100  INF_Data_Sum                    
00000be3  NMI_Handler                     
00000be3  PendSV_Handler                  
00000be3  RTC_IRQHandler                  
00001853  Reset_Handler                   
00000be3  SPI0_IRQHandler                 
00000be3  SPI1_IRQHandler                 
00000be3  SVC_Handler                     
00000be5  SYSCFG_DL_GPIO_init             
000015f5  SYSCFG_DL_I2C_SCR_init          
00000df5  SYSCFG_DL_PWM_MOTOR_init        
000011c5  SYSCFG_DL_PWM_SERVO_init        
00001459  SYSCFG_DL_SYSCTL_init           
00001625  SYSCFG_DL_SYSTICK_init          
0000135d  SYSCFG_DL_UART_0_init           
00001655  SYSCFG_DL_init                  
000013bd  SYSCFG_DL_initPower             
000017c9  SysTick_Handler                 
00000be3  TIMA0_IRQHandler                
00000be3  TIMA1_IRQHandler                
00000be3  TIMG0_IRQHandler                
00000be3  TIMG12_IRQHandler               
00000be3  TIMG6_IRQHandler                
00000be3  TIMG7_IRQHandler                
00000be3  TIMG8_IRQHandler                
00000be3  UART0_IRQHandler                
00000be3  UART1_IRQHandler                
00000be3  UART2_IRQHandler                
00000be3  UART3_IRQHandler                
20208000  __STACK_END                     
00000200  __STACK_SIZE                    
00000000  __TI_ATRegion0_region_sz        
00000000  __TI_ATRegion0_src_addr         
00000000  __TI_ATRegion0_trg_addr         
00000000  __TI_ATRegion1_region_sz        
00000000  __TI_ATRegion1_src_addr         
00000000  __TI_ATRegion1_trg_addr         
00000000  __TI_ATRegion2_region_sz        
00000000  __TI_ATRegion2_src_addr         
00000000  __TI_ATRegion2_trg_addr         
000018d8  __TI_CINIT_Base                 
000018e8  __TI_CINIT_Limit                
000018e8  __TI_CINIT_Warm                 
000018b8  __TI_Handler_Table_Base         
000018c4  __TI_Handler_Table_Limit        
000014d9  __TI_auto_init_nobinit_nopinit  
000010d5  __TI_decompress_lzss            
000017ef  __TI_decompress_none            
ffffffff  __TI_pprof_out_hndl             
000007cd  __TI_printfi_minimal            
ffffffff  __TI_prof_data_size             
ffffffff  __TI_prof_data_start            
00000000  __TI_static_base__              
000017b1  __TI_zero_init_nomemset         
00000a5b  __adddf3                        
00000edf  __addsf3                        
00000a5b  __aeabi_dadd                    
00001299  __aeabi_dcmpeq                  
000012d5  __aeabi_dcmpge                  
000012e9  __aeabi_dcmpgt                  
000012c1  __aeabi_dcmple                  
000012ad  __aeabi_dcmplt                  
00000a51  __aeabi_dsub                    
00001551  __aeabi_f2iz                    
000015c1  __aeabi_f2uiz                   
00000edf  __aeabi_fadd                    
00001049  __aeabi_fmul                    
00000ed5  __aeabi_fsub                    
00001685  __aeabi_i2d                     
00001047  __aeabi_idiv0                   
00001841  __aeabi_memcpy                  
00001841  __aeabi_memcpy4                 
00001841  __aeabi_memcpy8                 
00001811  __aeabi_memset                  
00001811  __aeabi_memset4                 
00001811  __aeabi_memset8                 
000016b1  __aeabi_ui2f                    
00001499  __aeabi_uidiv                   
00001499  __aeabi_uidivmod                
ffffffff  __binit__                       
00001231  __cmpdf2                        
00001231  __eqdf2                         
00001551  __fixsfsi                       
000015c1  __fixunssfsi                    
00001685  __floatsidf                     
000016b1  __floatunsisf                   
00001151  __gedf2                         
00001151  __gtdf2                         
00001231  __ledf2                         
00001231  __ltdf2                         
UNDEFED   __mpu_init                      
00001515  __muldsi3                       
00001049  __mulsf3                        
00001231  __nedf2                         
20207e00  __stack                         
20200000  __start___llvm_prf_bits         
20200000  __start___llvm_prf_cnts         
20200000  __stop___llvm_prf_bits          
20200000  __stop___llvm_prf_cnts          
00000a51  __subdf3                        
00000ed5  __subsf3                        
000016d9  _c_int00_noargs                 
UNDEFED   _system_post_cinit              
00001857  _system_pre_init                
00001849  abort                           
ffffffff  binit                           
202000bc  buff                            
20200108  delay_times                     
20200000  gPWM_MOTORBackup                
00000000  interruptVectors                
000000c1  main                            
00001727  memccpy                         
00000fad  memcpy                          
000012fb  memset                          
2020010c  period                          
00001589  sprintf                         


GLOBAL SYMBOLS: SORTED BY Symbol Address 

address   name                            
-------   ----                            
00000000  __TI_ATRegion0_region_sz        
00000000  __TI_ATRegion0_src_addr         
00000000  __TI_ATRegion0_trg_addr         
00000000  __TI_ATRegion1_region_sz        
00000000  __TI_ATRegion1_src_addr         
00000000  __TI_ATRegion1_trg_addr         
00000000  __TI_ATRegion2_region_sz        
00000000  __TI_ATRegion2_src_addr         
00000000  __TI_ATRegion2_trg_addr         
00000000  __TI_static_base__              
00000000  interruptVectors                
000000c1  main                            
00000200  __STACK_SIZE                    
000007cd  __TI_printfi_minimal            
00000a51  __aeabi_dsub                    
00000a51  __subdf3                        
00000a5b  __adddf3                        
00000a5b  __aeabi_dadd                    
00000be3  ADC0_IRQHandler                 
00000be3  ADC1_IRQHandler                 
00000be3  AES_IRQHandler                  
00000be3  CANFD0_IRQHandler               
00000be3  DAC0_IRQHandler                 
00000be3  DMA_IRQHandler                  
00000be3  Default_Handler                 
00000be3  GROUP0_IRQHandler               
00000be3  GROUP1_IRQHandler               
00000be3  HardFault_Handler               
00000be3  I2C0_IRQHandler                 
00000be3  I2C1_IRQHandler                 
00000be3  NMI_Handler                     
00000be3  PendSV_Handler                  
00000be3  RTC_IRQHandler                  
00000be3  SPI0_IRQHandler                 
00000be3  SPI1_IRQHandler                 
00000be3  SVC_Handler                     
00000be3  TIMA0_IRQHandler                
00000be3  TIMA1_IRQHandler                
00000be3  TIMG0_IRQHandler                
00000be3  TIMG12_IRQHandler               
00000be3  TIMG6_IRQHandler                
00000be3  TIMG7_IRQHandler                
00000be3  TIMG8_IRQHandler                
00000be3  UART0_IRQHandler                
00000be3  UART1_IRQHandler                
00000be3  UART2_IRQHandler                
00000be3  UART3_IRQHandler                
00000be5  SYSCFG_DL_GPIO_init             
00000cf1  DL_Timer_initFourCCPWMMode      
00000df5  SYSCFG_DL_PWM_MOTOR_init        
00000ed5  __aeabi_fsub                    
00000ed5  __subsf3                        
00000edf  __addsf3                        
00000edf  __aeabi_fadd                    
00000fad  memcpy                          
00001047  __aeabi_idiv0                   
00001049  __aeabi_fmul                    
00001049  __mulsf3                        
000010d5  __TI_decompress_lzss            
00001151  __gedf2                         
00001151  __gtdf2                         
000011c5  SYSCFG_DL_PWM_SERVO_init        
00001231  __cmpdf2                        
00001231  __eqdf2                         
00001231  __ledf2                         
00001231  __ltdf2                         
00001231  __nedf2                         
00001299  __aeabi_dcmpeq                  
000012ad  __aeabi_dcmplt                  
000012c1  __aeabi_dcmple                  
000012d5  __aeabi_dcmpge                  
000012e9  __aeabi_dcmpgt                  
000012fb  memset                          
0000135d  SYSCFG_DL_UART_0_init           
000013bd  SYSCFG_DL_initPower             
00001411  DL_UART_init                    
00001459  SYSCFG_DL_SYSCTL_init           
00001499  __aeabi_uidiv                   
00001499  __aeabi_uidivmod                
000014d9  __TI_auto_init_nobinit_nopinit  
00001515  __muldsi3                       
00001551  __aeabi_f2iz                    
00001551  __fixsfsi                       
00001589  sprintf                         
000015c1  __aeabi_f2uiz                   
000015c1  __fixunssfsi                    
000015f5  SYSCFG_DL_I2C_SCR_init          
00001625  SYSCFG_DL_SYSTICK_init          
00001655  SYSCFG_DL_init                  
00001685  __aeabi_i2d                     
00001685  __floatsidf                     
000016b1  __aeabi_ui2f                    
000016b1  __floatunsisf                   
000016d9  _c_int00_noargs                 
00001701  DL_I2C_setClockConfig           
00001727  memccpy                         
00001749  DL_Timer_setCaptCompUpdateMethod
00001765  DL_Timer_setClockConfig         
00001781  DL_Timer_setCaptureCompareOutCtl
000017b1  __TI_zero_init_nomemset         
000017c9  SysTick_Handler                 
000017dd  DL_UART_setClockConfig          
000017ef  __TI_decompress_none            
00001801  DL_Timer_setCaptureCompareValue 
00001811  __aeabi_memset                  
00001811  __aeabi_memset4                 
00001811  __aeabi_memset8                 
0000182d  DL_Common_delayCycles           
00001841  __aeabi_memcpy                  
00001841  __aeabi_memcpy4                 
00001841  __aeabi_memcpy8                 
00001849  abort                           
0000184e  C$$EXIT                         
0000184f  HOSTexit                        
00001853  Reset_Handler                   
00001857  _system_pre_init                
000018b8  __TI_Handler_Table_Base         
000018c4  __TI_Handler_Table_Limit        
000018d8  __TI_CINIT_Base                 
000018e8  __TI_CINIT_Limit                
000018e8  __TI_CINIT_Warm                 
20200000  __start___llvm_prf_bits         
20200000  __start___llvm_prf_cnts         
20200000  __stop___llvm_prf_bits          
20200000  __stop___llvm_prf_cnts          
20200000  gPWM_MOTORBackup                
202000bc  buff                            
20200100  INF_Data_Sum                    
20200108  delay_times                     
2020010c  period                          
20207e00  __stack                         
20208000  __STACK_END                     
ffffffff  __TI_pprof_out_hndl             
ffffffff  __TI_prof_data_size             
ffffffff  __TI_prof_data_start            
ffffffff  __binit__                       
ffffffff  binit                           
UNDEFED   __mpu_init                      
UNDEFED   _system_post_cinit              

[139 symbols]
